Archive member included to satisfy reference by file (symbol)

C:/devkitPro/libnds/lib\libnds9.a(console.o)
                              main.o (consoleDemoInit)
C:/devkitPro/libnds/lib\libnds9.a(keys.o)
                              main.o (scanKeys)
C:/devkitPro/libnds/lib\libnds9.a(timers.o)
                              main.o (timerStart)
C:/devkitPro/libnds/lib\libnds9.a(default_font.bin.o)
                              C:/devkitPro/libnds/lib\libnds9.a(console.o) (default_font_bin)
C:/devkitPro/libnds/lib\libnds9.a(background.o)
                              C:/devkitPro/libnds/lib\libnds9.a(console.o) (bgState)
C:/devkitPro/libnds/lib\libnds9.a(trig.o)
                              C:/devkitPro/libnds/lib\libnds9.a(background.o) (sinLerp)
C:/devkitPro/calico/lib\libcalico_ds9.a(irq.o)
                              main.o (irqSet)
C:/devkitPro/calico/lib\libcalico_ds9.a(tick.o)
                              C:/devkitPro/libnds/lib\libnds9.a(timers.o) (tickInit)
C:/devkitPro/calico/lib\libcalico_ds9.a(thread_cold.o)
                              main.o (threadIrqWait)
C:/devkitPro/calico/lib\libcalico_ds9.a(thread_hot.32.o)
                              C:/devkitPro/calico/lib\libcalico_ds9.a(thread_cold.o) (__sched_state)
C:/devkitPro/calico/lib\libcalico_ds9.a(arm-copy-fill.32.o)
                              C:/devkitPro/calico/lib\libcalico_ds9.a(thread_cold.o) (armCopyMem32)
C:/devkitPro/calico/lib\libcalico_ds9.a(arm-context.32.o)
                              C:/devkitPro/calico/lib\libcalico_ds9.a(thread_cold.o) (armContextSave)
C:/devkitPro/calico/lib\libcalico_ds9.a(arm-shims.32.o)
                              C:/devkitPro/calico/lib\libcalico_ds9.a(thread_cold.o) (armWaitForIrq)
C:/devkitPro/calico/lib\libcalico_ds9.a(keypad.o)
                              C:/devkitPro/libnds/lib\libnds9.a(keys.o) (keypadGetState)
C:/devkitPro/calico/lib\libcalico_ds9.a(pm.o)
                              main.o (pmMainLoop)
C:/devkitPro/calico/lib\libcalico_ds9.a(bootstub_arm9.o)
                              (__ds9_bootstub)
C:/devkitPro/calico/lib\libcalico_ds9.a(excpt_handler.32.o)
                              C:/devkitPro/calico/lib\libcalico_ds9.a(bootstub_arm9.o) (__arm_excpt_rst)
C:/devkitPro/calico/lib\libcalico_ds9.a(touch.o)
                              main.o (touchRead)
C:/devkitPro/calico/lib\libcalico_ds9.a(mailbox.o)
                              C:/devkitPro/calico/lib\libcalico_ds9.a(pm.o) (mailboxRecv)
C:/devkitPro/calico/lib\libcalico_ds9.a(newlib_syscalls.o)
                              C:/devkitPro/calico/lib\libcalico_ds9.a(bootstub_arm9.o) (__newlib_syscalls)
C:/devkitPro/calico/lib\libcalico_ds9.a(arm-cache.32.o)
                              C:/devkitPro/calico/lib\libcalico_ds9.a(pm.o) (armDCacheFlushAll)
C:/devkitPro/calico/lib\libcalico_ds9.a(startup.crt0.o)
                              C:/devkitPro/calico/lib\libcalico_ds9.a(bootstub_arm9.o) (crt0Startup)
C:/devkitPro/calico/lib\libcalico_ds9.a(utils.crt0.o)
                              C:/devkitPro/calico/lib\libcalico_ds9.a(startup.crt0.o) (crt0CopyMem32)
C:/devkitPro/calico/lib\libcalico_ds9.a(irq_handler.32.o)
                              C:/devkitPro/calico/lib\libcalico_ds9.a(bootstub_arm9.o) (__arm_excpt_irq)
C:/devkitPro/calico/lib\libcalico_ds9.a(pxi.o)
                              C:/devkitPro/calico/lib\libcalico_ds9.a(startup.crt0.o) (_pxiInit)
C:/devkitPro/calico/lib\libcalico_ds9.a(mpu_setup.crt0.o)
                              C:/devkitPro/calico/lib\libcalico_ds9.a(startup.crt0.o) (crt0SetupMPU)
C:/devkitPro/calico/lib\libcalico_ds9.a(sys_startup.o)
                              C:/devkitPro/calico/lib\libcalico_ds9.a(startup.crt0.o) (systemStartup)
C:/devkitPro/calico/lib\libcalico_ds9.a(mutex.o)
                              C:/devkitPro/calico/lib\libcalico_ds9.a(newlib_syscalls.o) (mutexLock)
C:/devkitPro/devkitARM/bin/../lib/gcc/arm-none-eabi/14.2.0/thumb\libgcc.a(_divsi3.o)
                              main.o (__aeabi_idiv)
C:/devkitPro/devkitARM/bin/../lib/gcc/arm-none-eabi/14.2.0/thumb\libgcc.a(_dvmd_tls.o)
                              C:/devkitPro/devkitARM/bin/../lib/gcc/arm-none-eabi/14.2.0/thumb\libgcc.a(_divsi3.o) (__aeabi_idiv0)
C:/devkitPro/devkitARM/bin/../lib/gcc/arm-none-eabi/14.2.0/thumb\libgcc.a(_aeabi_uldivmod.o)
                              C:/devkitPro/calico/lib\libcalico_ds9.a(newlib_syscalls.o) (__aeabi_uldivmod)
C:/devkitPro/devkitARM/bin/../lib/gcc/arm-none-eabi/14.2.0/thumb\libgcc.a(_sync_none.o)
                              (__sync_synchronize_none)
C:/devkitPro/devkitARM/bin/../lib/gcc/arm-none-eabi/14.2.0/thumb\libgcc.a(_udivmoddi4.o)
                              C:/devkitPro/devkitARM/bin/../lib/gcc/arm-none-eabi/14.2.0/thumb\libgcc.a(_aeabi_uldivmod.o) (__udivmoddi4)
C:/devkitPro/devkitARM/bin/../lib/gcc/arm-none-eabi/14.2.0/thumb\libgcc.a(_clzdi2.o)
[...]
Memory Configuration

Name             Origin             Length             Attributes
lma9             0x02004000         0x0027c000
lma9i            0x02400000         0x00280000
vectors          0x00000000         0x00000020
itcm             0x01ff8020         0x00007fe0
main             0x02001000         0x00f7f000
dtcm             0x02ff0000         0x00003e80
dldi             0x0380b000         0x00004000
stub             0x0e000000         0x00004000
tls              0x00000000         0x00000400
*default*        0x00000000         0xffffffff

Linker script and memory map

                0x00000000                        __sync_synchronize = __sync_synchronize_none
LOAD C:/devkitPro/devkitARM/bin/../lib/gcc/arm-none-eabi/14.2.0/thumb/crti.o
LOAD C:/devkitPro/devkitARM/bin/../lib/gcc/arm-none-eabi/14.2.0/thumb/crtbegin.o
LOAD main.o
LOAD C:/devkitPro/libnds/lib\libnds9.a
LOAD C:/devkitPro/calico/lib\libcalico_ds9.a
LOAD C:/devkitPro/devkitARM/bin/../lib/gcc/arm-none-eabi/14.2.0/../../../../arm-none-eabi/lib/thumb\libstdc++.a
LOAD C:/devkitPro/devkitARM/bin/../lib/gcc/arm-none-eabi/14.2.0/../../../../arm-none-eabi/lib/thumb\libm.a
START GROUP
LOAD C:/devkitPro/devkitARM/bin/../lib/gcc/arm-none-eabi/14.2.0/thumb\libgcc.a
LOAD C:/devkitPro/devkitARM/bin/../lib/gcc/arm-none-eabi/14.2.0/../../../../arm-none-eabi/lib/thumb\libg.a
LOAD C:/devkitPro/devkitARM/bin/../lib/gcc/arm-none-eabi/14.2.0/../../../../arm-none-eabi/lib/thumb\libc.a
LOAD C:/devkitPro/devkitARM/bin/../lib/gcc/arm-none-eabi/14.2.0/../../../../arm-none-eabi/lib/thumb\libsysbase.a
END GROUP
LOAD C:/devkitPro/devkitARM/bin/../lib/gcc/arm-none-eabi/14.2.0/thumb/crtend.o
LOAD C:/devkitPro/devkitARM/bin/../lib/gcc/arm-none-eabi/14.2.0/thumb/crtn.o
                0x02ff3e80                        PROVIDE (__sp_usr = (ORIGIN (dtcm) + LENGTH (dtcm)))
                0x02ff3f80                        PROVIDE (__sp_irq = (__sp_usr + 0x100))
                0x02ff3fc0                        PROVIDE (__sp_svc = (__sp_irq + 0x40))
                0x02ff3ff8                        PROVIDE (__irq_flags = (__sp_svc + 0x38))
                [!provide]                        PROVIDE (__irq_vector = (__sp_svc + 0x3c))
                [!provide]                        PROVIDE (__arm_excpt_rst = 0xffff0000)
                [!provide]                        PROVIDE (__arm_excpt_und = 0xffff0004)
                0xffff0008                        PROVIDE (__arm_excpt_svc = 0xffff0008)
                [!provide]                        PROVIDE (__arm_excpt_pabt = 0xffff000c)
                [!provide]                        PROVIDE (__arm_excpt_dabt = 0xffff0010)
                [!provide]                        PROVIDE (__arm_excpt_irq = 0xffff0018)
                [!provide]                        PROVIDE (__arm_excpt_fiq = 0xffff001c)
                0x00000000                        PROVIDE (__end__ = 0x0)

.secure         0x0e000000      0x800 load address 0x02004000
                0x0e0007fc                        . = (. + 0x7fc)
 *fill*         0x0e000000      0x7fc 00000000
                0x0e0007fc        0x4 LONG 0x0

.bootstub       0x0e000800      0x190 load address 0x02004800
 *(.bootstub .bootstub.*)
 .bootstub.__ds9_bootstub
                0x0e000800      0x190 C:/devkitPro/calico/lib\libcalico_ds9.a(bootstub_arm9.o)
                0x0e000800                __ds9_bootstub
                0x0e000990                        . = ALIGN (0x4)

.crt0           0x02001000      0x360 load address 0x02004990
 *(.crt0 .crt0.*)
 .crt0.__ds9_bootstub_trampoline
                0x02001000       0x20 C:/devkitPro/calico/lib\libcalico_ds9.a(bootstub_arm9.o)
 *.crt0.*(.text .stub .text.* .gnu.linkonce.t.*)
 .text.crt0ProcessLoadList
                0x02001020       0x74 C:/devkitPro/calico/lib\libcalico_ds9.a(startup.crt0.o)
                0x02001020                crt0ProcessLoadList
 .text.crt0Startup
                0x02001094      0x150 C:/devkitPro/calico/lib\libcalico_ds9.a(startup.crt0.o)
                0x02001094                crt0Startup
 .text.crt0CopyMem32
                0x020011e4       0x4c C:/devkitPro/calico/lib\libcalico_ds9.a(utils.crt0.o)
                0x020011e4                crt0CopyMem32
 .text.crt0FillMem32
                0x02001230       0x58 C:/devkitPro/calico/lib\libcalico_ds9.a(utils.crt0.o)
                0x02001230                crt0FillMem32
 .text.crt0SetupMPU
                0x02001288       0xb4 C:/devkitPro/calico/lib\libcalico_ds9.a(mpu_setup.crt0.o)
                0x02001288                crt0SetupMPU
 *fill*         0x0200133c        0x4 ff
 .text.crt0SetupMPU.__stub
                0x02001340        0x8 linker stubs
 *.crt0.*(.glue_7t .glue_7 .vfp11_veneer .v4_bx)
 *.crt0.*(.rodata .rodata.* .gnu.linkonce.r.*)
 *.crt0.*(.rodata1)
                0x02001360                        . = ALIGN (0x20)
 *fill*         0x02001348       0x18 ff
                0x02004990                        PROVIDE (__crt0_lma = LOADADDR (.crt0))
                0x02001000                        PROVIDE (__crt0_start = ADDR (.crt0))
                0x02001360                        PROVIDE (__crt0_end = (ADDR (.crt0) + SIZEOF (.crt0)))
                0x00000001                        ASSERT (((__crt0_end <= LOADADDR (.bootstub)) || (__crt0_start >= (LOADADDR (.bootstub) + SIZEOF (.bootstub)))), Error: crt0 section overlaps initial bootstrap)

.dldi           0x0380b000        0x0 load address 0x02004cf0
 *(.dldi)
                0x00000000                        PROVIDE (__dldi_lma = SIZEOF (.dldi)?LOADADDR (.dldi):0x0)

.vectors        0x00000000       0x20 load address 0x02004cf0
 *(.vectors)
 .vectors       0x00000000       0x20 C:/devkitPro/calico/lib\libcalico_ds9.a(bootstub_arm9.o)

.itcm           0x01ff8020      0x68c load address 0x02004d10
 *(.itcm .itcm.*)
 .itcm          0x01ff8020       0x30 C:/devkitPro/calico/lib\libcalico_ds9.a(bootstub_arm9.o)
                0x01ff8038                __excpt_vectors
 *.itcm.*(.text .stub .text.* .gnu.linkonce.t.*)
 *.32.o(.text .stub .text.* .gnu.linkonce.t.*)
 .text.threadReschedule
                0x01ff8050       0x88 C:/devkitPro/calico/lib\libcalico_ds9.a(thread_hot.32.o)
 .text.threadBlock
                0x01ff80d8       0xd4 C:/devkitPro/calico/lib\libcalico_ds9.a(thread_hot.32.o)
                0x01ff80d8                threadBlock
 .text.threadUnblockOneByValue
                0x01ff81ac       0xc0 C:/devkitPro/calico/lib\libcalico_ds9.a(thread_hot.32.o)
                0x01ff81ac                threadUnblockOneByValue
 .text.threadUnblockAllByValue
                0x01ff826c      0x144 C:/devkitPro/calico/lib\libcalico_ds9.a(thread_hot.32.o)
                0x01ff826c                threadUnblockAllByValue
 .text.threadUnblockAllByMask
                0x01ff83b0      0x134 C:/devkitPro/calico/lib\libcalico_ds9.a(thread_hot.32.o)
                0x01ff83b0                threadUnblockAllByMask
 .text.armContextSave
                0x01ff84e4       0x2c C:/devkitPro/calico/lib\libcalico_ds9.a(arm-context.32.o)
                0x01ff84e4                armContextSave
 .text.armContextLoad
                0x01ff8510       0x20 C:/devkitPro/calico/lib\libcalico_ds9.a(arm-context.32.o)
                0x01ff8510                armContextLoad
                0x01ff8514                armContextLoadFromSvc
 .text.armWaitForIrq
                0x01ff8530        0x8 C:/devkitPro/calico/lib\libcalico_ds9.a(arm-shims.32.o)
                0x01ff8530                armWaitForIrq
 .text.__excpt_entry
                0x01ff8538       0x50 C:/devkitPro/calico/lib\libcalico_ds9.a(excpt_handler.32.o)
                0x01ff8538                __arm_excpt_rst
                0x01ff853c                __arm_excpt_pabt
                0x01ff8540                __arm_excpt_und
                0x01ff854c                __arm_excpt_dabt
 .text.armDrainWriteBuffer
                0x01ff8588        0xc C:/devkitPro/calico/lib\libcalico_ds9.a(arm-cache.32.o)
                0x01ff8588                armDrainWriteBuffer
 .text.armDCacheFlushAll
                0x01ff8594       0x28 C:/devkitPro/calico/lib\libcalico_ds9.a(arm-cache.32.o)
                0x01ff8594                armDCacheFlushAll
 .text.armICacheInvalidateAll
                0x01ff85bc        0xc C:/devkitPro/calico/lib\libcalico_ds9.a(arm-cache.32.o)
                0x01ff85bc                armICacheInvalidateAll
 .text.__arm_excpt_irq
                0x01ff85c8       0xe4 C:/devkitPro/calico/lib\libcalico_ds9.a(irq_handler.32.o)
                0x01ff85c8                __arm_excpt_irq
 *.itcm.*(.glue_7t .glue_7 .vfp11_veneer .v4_bx)
 *.32.o(.glue_7t .glue_7 .vfp11_veneer .v4_bx)
 *.itcm.*(.rodata .rodata.* .gnu.linkonce.r.*)
 *.32.o(.rodata .rodata.* .gnu.linkonce.r.*)
 *.itcm.*(.rodata1)
 *.32.o(.rodata1)
                0x01ff86ac                        . = ALIGN (0x4)
                0x02004cf0                        PROVIDE (__itcm_lma = LOADADDR (.vectors))
                0x01ff8000                        PROVIDE (__itcm_start = (ADDR (.itcm) - SIZEOF (.vectors)))
                0x01ff86ac                        PROVIDE (__itcm_end = (ADDR (.itcm) + SIZEOF (.itcm)))
                0x00000001                        ASSERT (((__itcm_lma + SIZEOF (.vectors)) == LOADADDR (.itcm)), Error: gap between vectors and itcm)

.dtcm           0x02ff0000        0x0 load address 0x0200539c
 *(.dtcm .dtcm.*)
 *.32.o(.data .data.* .gnu.linkonce.d.*)
 *.32.o(.data1)
                0x02ff0000                        . = ALIGN (0x4)
                [!provide]                        PROVIDE (__dtcm_lma = LOADADDR (.dtcm))
                0x02ff0000                        PROVIDE (__dtcm_start = ADDR (.dtcm))
                0x02ff0000                        PROVIDE (__dtcm_end = (ADDR (.dtcm) + SIZEOF (.dtcm)))

.dtcm.bss       0x02ff0000       0x98 load address 0x0200539c
 *(.sbss .sbss.*)
 *.32.o(.dynbss)
 *.32.o(.bss .bss.* .gnu.linkonce.b.*)
 .bss.__irq_table
                0x02ff0000       0x80 C:/devkitPro/calico/lib\libcalico_ds9.a(thread_hot.32.o)
                0x02ff0000                __irq_table
 .bss.__sched_state
                0x02ff0080       0x18 C:/devkitPro/calico/lib\libcalico_ds9.a(thread_hot.32.o)
                0x02ff0080                __sched_state
 *.32.o(COMMON)
                0x02ff0098                        . = ALIGN (0x4)
                [!provide]                        PROVIDE (__dtcm_bss_start = ADDR (.dtcm.bss))
                0x02ff0098                        PROVIDE (__dtcm_bss_end = (ADDR (.dtcm.bss) + SIZEOF (.dtcm.bss)))

.main           0x02001360     0xdc34 load address 0x0200539c
 *(SORT_NONE(.init))
 .init          0x02001360        0x4 C:/devkitPro/devkitARM/bin/../lib/gcc/arm-none-eabi/14.2.0/thumb/crti.o
                0x02001360                _init
 .init          0x02001364        0x8 C:/devkitPro/devkitARM/bin/../lib/gcc/arm-none-eabi/14.2.0/thumb/crtn.o
 EXCLUDE_FILE(*.twl.*) *(.text.unlikely .text.*_unlikely .text.unlikely.*)
 EXCLUDE_FILE(*.twl.*) *(.text.exit .text.exit.*)
 .text.exit     0x0200136c       0x24 C:/devkitPro/devkitARM/bin/../lib/gcc/arm-none-eabi/14.2.0/../../../../arm-none-eabi/lib/thumb\libg.a(libc_a-exit.o)
                0x0200136c                exit
 EXCLUDE_FILE(*.twl.*) *(.text.startup .text.startup.*)
 .text.startup.main
                0x02001390      0x128 main.o
                0x02001390                main
 EXCLUDE_FILE(*.twl.*) *(.text.hot .text.hot.*)
 EXCLUDE_FILE(*.twl.*) *(.text .iplt .stub .text.* .gnu.linkonce.t.*)
 .text.__do_global_dtors_aux
                0x020014b8       0x2c C:/devkitPro/devkitARM/bin/../lib/gcc/arm-none-eabi/14.2.0/thumb/crtbegin.o
 .text.frame_dummy
                0x020014e4       0x24 C:/devkitPro/devkitARM/bin/../lib/gcc/arm-none-eabi/14.2.0/thumb/crtbegin.o
 .iplt          0x02001508        0x0 C:/devkitPro/devkitARM/bin/../lib/gcc/arm-none-eabi/14.2.0/thumb/crtbegin.o
 .text._ZL6Vblankv
                0x02001508       0x10 main.o
 .text._ZL8countFPSv
                0x02001518       0x24 main.o
 .text.newRow   0x0200153c       0xdc C:/devkitPro/libnds/lib\libnds9.a(console.o)
 .text.consolePrintChar
                0x02001618       0xe0 C:/devkitPro/libnds/lib\libnds9.a(console.o)
                0x02001618                consolePrintChar
 .text.con_write
                0x020016f8      0x320 C:/devkitPro/libnds/lib\libnds9.a(console.o)
                0x020016f8                con_write
 .text.consoleLoadFont
                0x02001a18      0x314 C:/devkitPro/libnds/lib\libnds9.a(console.o)
                0x02001a18                consoleLoadFont
 .text.consoleInit
                0x02001d2c      0x18c C:/devkitPro/libnds/lib\libnds9.a(console.o)
                0x02001d2c                consoleInit
 .text.consoleDemoInit
                0x02001eb8       0x40 C:/devkitPro/libnds/lib\libnds9.a(console.o)
                0x02001eb8                consoleDemoInit
 .text.scanKeys
                0x02001ef8       0x6c C:/devkitPro/libnds/lib\libnds9.a(keys.o)
                0x02001ef8                scanKeys
 .text.keysDown
                0x02001f64       0x10 C:/devkitPro/libnds/lib\libnds9.a(keys.o)
                0x02001f64                keysDown
 .text.timerStart
                0x02001f74       0x58 C:/devkitPro/libnds/lib\libnds9.a(timers.o)
                0x02001f74                timerStart
 .text.checkIfText
                0x02001fcc       0x6c C:/devkitPro/libnds/lib\libnds9.a(background.o)
                0x02001fcc                checkIfText
 .text.bgUpdate
                0x02002038       0xf4 C:/devkitPro/libnds/lib\libnds9.a(background.o)
                0x02002038                bgUpdate
 .text.bgInit_call
                0x0200212c       0xb0 C:/devkitPro/libnds/lib\libnds9.a(background.o)
                0x0200212c                bgInit_call
 .text.bgInitSub_call
                0x020021dc       0xb8 C:/devkitPro/libnds/lib\libnds9.a(background.o)
                0x020021dc                bgInitSub_call
 .text.sinLutLookup
                0x02002294       0x4c C:/devkitPro/libnds/lib\libnds9.a(trig.o)
                0x02002294                sinLutLookup
 .text.sinLerp  0x020022e0       0x38 C:/devkitPro/libnds/lib\libnds9.a(trig.o)
                0x020022e0                sinLerp
 .text.cosLerp  0x02002318       0x48 C:/devkitPro/libnds/lib\libnds9.a(trig.o)
                0x02002318                cosLerp
 .text.irqSet   0x02002360       0x64 C:/devkitPro/calico/lib\libcalico_ds9.a(irq.o)
                0x02002360                irqSet
 .text._tickCountIsr
                0x020023c4       0x1c C:/devkitPro/calico/lib\libcalico_ds9.a(tick.o)
 .text._tickTaskSchedule.part.0.isra.0
                0x020023e0       0x98 C:/devkitPro/calico/lib\libcalico_ds9.a(tick.o)
 .text.tickInit
                0x02002478       0x8c C:/devkitPro/calico/lib\libcalico_ds9.a(tick.o)
                0x02002478                tickInit
 .text.tickGetCount
                0x02002504       0x6c C:/devkitPro/calico/lib\libcalico_ds9.a(tick.o)
                0x02002504                tickGetCount
 .text._tickTaskIsr
                0x02002570      0x110 C:/devkitPro/calico/lib\libcalico_ds9.a(tick.o)
 .text.tickTaskStart
                0x02002680      0x11c C:/devkitPro/calico/lib\libcalico_ds9.a(tick.o)
                0x02002680                tickTaskStart
 .text.threadExit
                0x0200279c       0x98 C:/devkitPro/calico/lib\libcalico_ds9.a(thread_cold.o)
                0x0200279c                threadExit
 .text._threadTickTask
                0x02002834       0x10 C:/devkitPro/calico/lib\libcalico_ds9.a(thread_cold.o)
 .text._threadInit
                0x02002844       0x98 C:/devkitPro/calico/lib\libcalico_ds9.a(thread_cold.o)
                0x02002844                _threadInit
 .text.threadPrepare
                0x020028dc       0x98 C:/devkitPro/calico/lib\libcalico_ds9.a(thread_cold.o)
                0x020028dc                threadPrepare
 .text.threadStart
                0x02002974       0xc0 C:/devkitPro/calico/lib\libcalico_ds9.a(thread_cold.o)
                0x02002974                threadStart
 .text.threadIrqWait
                0x02002a34       0x98 C:/devkitPro/calico/lib\libcalico_ds9.a(thread_cold.o)
                0x02002a34                threadIrqWait
 .text.threadSleepTicks
                0x02002acc       0x58 C:/devkitPro/calico/lib\libcalico_ds9.a(thread_cold.o)
                0x02002acc                threadSleepTicks
 .text.keypadGetState
                0x02002b24       0x28 C:/devkitPro/calico/lib\libcalico_ds9.a(keypad.o)
                0x02002b24                keypadGetState
 .text._pmCallEventHandlers
                0x02002b4c       0x40 C:/devkitPro/calico/lib\libcalico_ds9.a(pm.o)
 .text._pmPxiThreadMain
                0x02002b8c       0xa0 C:/devkitPro/calico/lib\libcalico_ds9.a(pm.o)
 .text._pmResetPxiHandler
                0x02002c2c       0x28 C:/devkitPro/calico/lib\libcalico_ds9.a(pm.o)
 .text.systemUserExit
                0x02002c54        0x4 C:/devkitPro/calico/lib\libcalico_ds9.a(pm.o)
                0x02002c54                systemUserExit
 .text.systemErrorExit
                0x02002c58        0x4 C:/devkitPro/calico/lib\libcalico_ds9.a(pm.o)
                0x02002c58                systemErrorExit
 .text.__syscall_exit
                0x02002c5c      0x138 C:/devkitPro/calico/lib\libcalico_ds9.a(pm.o)
                0x02002c5c                __syscall_exit
 .text.pmInit   0x02002d94       0x58 C:/devkitPro/calico/lib\libcalico_ds9.a(pm.o)
                0x02002d94                pmInit
 .text.pmEnterSleep
                0x02002dec       0xcc C:/devkitPro/calico/lib\libcalico_ds9.a(pm.o)
                0x02002dec                pmEnterSleep
 .text.pmMainLoop
                0x02002eb8       0x60 C:/devkitPro/calico/lib\libcalico_ds9.a(pm.o)
                0x02002eb8                pmMainLoop
 .text.touchRead
                0x02002f18       0x58 C:/devkitPro/calico/lib\libcalico_ds9.a(touch.o)
                0x02002f18                touchRead
 .text.mailboxTrySend
                0x02002f70       0x9c C:/devkitPro/calico/lib\libcalico_ds9.a(mailbox.o)
                0x02002f70                mailboxTrySend
 .text.mailboxRecv
                0x0200300c       0x8c C:/devkitPro/calico/lib\libcalico_ds9.a(mailbox.o)
                0x0200300c                mailboxRecv
 .text.__syscall_getreent
                0x02003098       0x14 C:/devkitPro/calico/lib\libcalico_ds9.a(newlib_syscalls.o)
                0x02003098                __syscall_getreent
 .text.__errno  0x020030ac       0x24 C:/devkitPro/calico/lib\libcalico_ds9.a(newlib_syscalls.o)
                0x020030ac                __errno
 .text.__syscall_lock_acquire
                0x020030d0        0x4 C:/devkitPro/calico/lib\libcalico_ds9.a(newlib_syscalls.o)
                0x020030d0                __syscall_lock_acquire
 .text.__syscall_lock_release
                0x020030d4        0x4 C:/devkitPro/calico/lib\libcalico_ds9.a(newlib_syscalls.o)
                0x020030d4                __syscall_lock_release
 .text.__syscall_lock_acquire_recursive
                0x020030d8       0x40 C:/devkitPro/calico/lib\libcalico_ds9.a(newlib_syscalls.o)
                0x020030d8                __syscall_lock_acquire_recursive
 .text.__syscall_lock_release_recursive
                0x02003118       0x18 C:/devkitPro/calico/lib\libcalico_ds9.a(newlib_syscalls.o)
                0x02003118                __syscall_lock_release_recursive
 .text._pxiMailboxHandler
                0x02003130        0x4 C:/devkitPro/calico/lib\libcalico_ds9.a(pxi.o)
 .text._pxiRecvUnhandled
                0x02003134        0x4 C:/devkitPro/calico/lib\libcalico_ds9.a(pxi.o)
                0x02003134                _pxiRecvUnhandled
 .text._pxiRecvIrqHandler
                0x02003138      0x154 C:/devkitPro/calico/lib\libcalico_ds9.a(pxi.o)
 .text._pxiInit
                0x0200328c       0x58 C:/devkitPro/calico/lib\libcalico_ds9.a(pxi.o)
                0x0200328c                _pxiInit
 .text.pxiSetHandler
                0x020032e4       0x74 C:/devkitPro/calico/lib\libcalico_ds9.a(pxi.o)
                0x020032e4                pxiSetHandler
 .text.pxiSetMailbox
                0x02003358       0x68 C:/devkitPro/calico/lib\libcalico_ds9.a(pxi.o)
                0x02003358                pxiSetMailbox
 .text.pxiWaitRemote
                0x020033c0       0x38 C:/devkitPro/calico/lib\libcalico_ds9.a(pxi.o)
                0x020033c0                pxiWaitRemote
 .text.pxiSendPacket
                0x020033f8       0x50 C:/devkitPro/calico/lib\libcalico_ds9.a(pxi.o)
                0x020033f8                pxiSendPacket
 .text.systemUserStartup
                0x02003448        0x4 C:/devkitPro/calico/lib\libcalico_ds9.a(sys_startup.o)
                0x02003448                systemUserStartup
 .text.systemStartup
                0x0200344c      0x104 C:/devkitPro/calico/lib\libcalico_ds9.a(sys_startup.o)
                0x0200344c                systemStartup
 .text.threadUpdateDynamicPrio
                0x02003550      0x1c4 C:/devkitPro/calico/lib\libcalico_ds9.a(mutex.o)
 .text.threadRemoveWaiter
                0x02003714      0x1a8 C:/devkitPro/calico/lib\libcalico_ds9.a(mutex.o)
 .text.mutexLock
                0x020038bc      0x144 C:/devkitPro/calico/lib\libcalico_ds9.a(mutex.o)
                0x020038bc                mutexLock
 .text.mutexUnlock
                0x02003a00       0xbc C:/devkitPro/calico/lib\libcalico_ds9.a(mutex.o)
                0x02003a00                mutexUnlock
 .text          0x02003abc      0x150 C:/devkitPro/devkitARM/bin/../lib/gcc/arm-none-eabi/14.2.0/thumb\libgcc.a(_divsi3.o)
                0x02003abc                __divsi3
                0x02003abc                __aeabi_idiv
                0x02003bec                __aeabi_idivmod
 .text          0x02003c0c        0x4 C:/devkitPro/devkitARM/bin/../lib/gcc/arm-none-eabi/14.2.0/thumb\libgcc.a(_dvmd_tls.o)
                0x02003c0c                __aeabi_idiv0
                0x02003c0c                __aeabi_ldiv0
 .text          0x02003c10       0x3c C:/devkitPro/devkitARM/bin/../lib/gcc/arm-none-eabi/14.2.0/thumb\libgcc.a(_aeabi_uldivmod.o)
                0x02003c10                __aeabi_uldivmod
 .text.__udivmoddi4
                0x02003c4c      0x19c C:/devkitPro/devkitARM/bin/../lib/gcc/arm-none-eabi/14.2.0/thumb\libgcc.a(_udivmoddi4.o)
                0x02003c4c                __udivmoddi4
 .text          0x02003de8       0x28 C:/devkitPro/devkitARM/bin/../lib/gcc/arm-none-eabi/14.2.0/thumb\libgcc.a(_clzdi2.o)
                0x02003de8                __clzdi2
 .text          0x02003e10       0x48 C:/devkitPro/devkitARM/bin/../lib/gcc/arm-none-eabi/14.2.0/thumb\libgcc.a(_clzsi2.o)
                0x02003e10                __clzsi2
 .text.siscanf  0x02003e58       0x50 C:/devkitPro/devkitARM/bin/../lib/gcc/arm-none-eabi/14.2.0/../../../../arm-none-eabi/lib/thumb\libg.a(libc_a-siscanf.o)
                0x02003e58                siscanf
 .text.__sread  0x02003ea8       0x34 C:/devkitPro/devkitARM/bin/../lib/gcc/arm-none-eabi/14.2.0/../../../../arm-none-eabi/lib/thumb\libg.a(libc_a-stdio.o)
                0x02003ea8                __sread
 .text.__seofread
                0x02003edc        0x4 C:/devkitPro/devkitARM/bin/../lib/gcc/arm-none-eabi/14.2.0/../../../../arm-none-eabi/lib/thumb\libg.a(libc_a-stdio.o)
                0x02003edc                __seofread
 .text.__swrite
                0x02003ee0       0x4c C:/devkitPro/devkitARM/bin/../lib/gcc/arm-none-eabi/14.2.0/../../../../arm-none-eabi/lib/thumb\libg.a(libc_a-stdio.o)
                0x02003ee0                __swrite
 .text.__sseek  0x02003f2c       0x3c C:/devkitPro/devkitARM/bin/../lib/gcc/arm-none-eabi/14.2.0/../../../../arm-none-eabi/lib/thumb\libg.a(libc_a-stdio.o)
                0x02003f2c                __sseek
 .text.__sclose
                0x02003f68       0x10 C:/devkitPro/devkitARM/bin/../lib/gcc/arm-none-eabi/14.2.0/../../../../arm-none-eabi/lib/thumb\libg.a(libc_a-stdio.o)
                0x02003f68                __sclose
 .text._malloc_r
                0x02003f78      0x588 C:/devkitPro/devkitARM/bin/../lib/gcc/arm-none-eabi/14.2.0/../../../../arm-none-eabi/lib/thumb\libg.a(libc_a-mallocr.o)
                0x02003f78                _malloc_r
 .text._malloc_trim_r
                0x02004500       0xac C:/devkitPro/devkitARM/bin/../lib/gcc/arm-none-eabi/14.2.0/../../../../arm-none-eabi/lib/thumb\libg.a(libc_a-freer.o)
                0x02004500                _malloc_trim_r
 .text._free_r  0x020045ac      0x1f4 C:/devkitPro/devkitARM/bin/../lib/gcc/arm-none-eabi/14.2.0/../../../../arm-none-eabi/lib/thumb\libg.a(libc_a-freer.o)
                0x020045ac                _free_r
 .text.setvbuf  0x020047a0      0x1ac C:/devkitPro/devkitARM/bin/../lib/gcc/arm-none-eabi/14.2.0/../../../../arm-none-eabi/lib/thumb\libg.a(libc_a-setvbuf.o)
                0x020047a0                setvbuf
 .text.malloc   0x0200494c       0x28 C:/devkitPro/devkitARM/bin/../lib/gcc/arm-none-eabi/14.2.0/../../../../arm-none-eabi/lib/thumb\libg.a(libc_a-malloc.o)
                0x0200494c                malloc
 .text.free     0x02004974       0x14 C:/devkitPro/devkitARM/bin/../lib/gcc/arm-none-eabi/14.2.0/../../../../arm-none-eabi/lib/thumb\libg.a(libc_a-malloc.o)
                0x02004974                free
 .text.memcpy   0x02004988       0xb0 C:/devkitPro/devkitARM/bin/../lib/gcc/arm-none-eabi/14.2.0/../../../../arm-none-eabi/lib/thumb\libg.a(libc_a-memcpy-stub.o)
                0x02004988                memcpy
 .text.memset   0x02004a38       0x98 C:/devkitPro/devkitARM/bin/../lib/gcc/arm-none-eabi/14.2.0/../../../../arm-none-eabi/lib/thumb\libg.a(libc_a-memset.o)
                0x02004a38                memset
 .text.__malloc_lock
                0x02004ad0       0x14 C:/devkitPro/devkitARM/bin/../lib/gcc/arm-none-eabi/14.2.0/../../../../arm-none-eabi/lib/thumb\libg.a(libc_a-mlock.o)
                0x02004ad0                __malloc_lock
 .text.__malloc_unlock
                0x02004ae4       0x14 C:/devkitPro/devkitARM/bin/../lib/gcc/arm-none-eabi/14.2.0/../../../../arm-none-eabi/lib/thumb\libg.a(libc_a-mlock.o)
                0x02004ae4                __malloc_unlock
 .text.__call_exitprocs
                0x02004af8        0xc C:/devkitPro/devkitARM/bin/../lib/gcc/arm-none-eabi/14.2.0/../../../../arm-none-eabi/lib/thumb\libg.a(libc_a-exit.o)
                0x02004af8                __call_exitprocs
 .text.iprintf  0x02004b04       0x24 C:/devkitPro/devkitARM/bin/../lib/gcc/arm-none-eabi/14.2.0/../../../../arm-none-eabi/lib/thumb\libg.a(libc_a-iprintf.o)
                0x02004b04                iprintf
 .text.__libc_init_array
                0x02004b28       0x54 C:/devkitPro/devkitARM/bin/../lib/gcc/arm-none-eabi/14.2.0/../../../../arm-none-eabi/lib/thumb\libg.a(libc_a-init.o)
                0x02004b28                __libc_init_array
 .text.__sflush_r
                0x02004b7c      0x194 C:/devkitPro/devkitARM/bin/../lib/gcc/arm-none-eabi/14.2.0/../../../../arm-none-eabi/lib/thumb\libg.a(libc_a-fflush.o)
                0x02004b7c                __sflush_r
 .text._fflush_r
                0x02004d10       0x70 C:/devkitPro/devkitARM/bin/../lib/gcc/arm-none-eabi/14.2.0/../../../../arm-none-eabi/lib/thumb\libg.a(libc_a-fflush.o)
                0x02004d10                _fflush_r
 .text.strlen   0x02004d80       0x60 C:/devkitPro/devkitARM/bin/../lib/gcc/arm-none-eabi/14.2.0/../../../../arm-none-eabi/lib/thumb\libg.a(libc_a-strlen-stub.o)
                0x02004d80                strlen
 .text.get_arg  0x02004de0      0x428 C:/devkitPro/devkitARM/bin/../lib/gcc/arm-none-eabi/14.2.0/../../../../arm-none-eabi/lib/thumb\libg.a(libc_a-vfiprintf.o)
 .text._vfiprintf_r
                0x02005208     0x1724 C:/devkitPro/devkitARM/bin/../lib/gcc/arm-none-eabi/14.2.0/../../../../arm-none-eabi/lib/thumb\libg.a(libc_a-vfiprintf.o)
                0x02005208                _vfiprintf_r
 .text.__sbprintf
                0x0200692c       0x7c C:/devkitPro/devkitARM/bin/../lib/gcc/arm-none-eabi/14.2.0/../../../../arm-none-eabi/lib/thumb\libg.a(libc_a-vfiprintf.o)
 .text._memalign_r
                0x020069a8      0x128 C:/devkitPro/devkitARM/bin/../lib/gcc/arm-none-eabi/14.2.0/../../../../arm-none-eabi/lib/thumb\libg.a(libc_a-malignr.o)
                0x020069a8                _memalign_r
 .text.memchr   0x02006ad0       0x80 C:/devkitPro/devkitARM/bin/../lib/gcc/arm-none-eabi/14.2.0/../../../../arm-none-eabi/lib/thumb\libg.a(libc_a-memchr-stub.o)
                0x02006ad0                memchr
 .text.get_arg  0x02006b50       0x3e C:/devkitPro/devkitARM/bin/../lib/gcc/arm-none-eabi/14.2.0/../../../../arm-none-eabi/lib/thumb\libg.a(libc_a-svfiscanf.o)
 .text._sungetc_r
                0x02006b8e       0x7e C:/devkitPro/devkitARM/bin/../lib/gcc/arm-none-eabi/14.2.0/../../../../arm-none-eabi/lib/thumb\libg.a(libc_a-svfiscanf.o)
                0x02006b8e                _sungetc_r
 .text.__ssrefill_r
                0x02006c0c       0x42 C:/devkitPro/devkitARM/bin/../lib/gcc/arm-none-eabi/14.2.0/../../../../arm-none-eabi/lib/thumb\libg.a(libc_a-svfiscanf.o)
                0x02006c0c                __ssrefill_r
 .text._sfread_r
                0x02006c4e       0x88 C:/devkitPro/devkitARM/bin/../lib/gcc/arm-none-eabi/14.2.0/../../../../arm-none-eabi/lib/thumb\libg.a(libc_a-svfiscanf.o)
                0x02006c4e                _sfread_r
 *fill*         0x02006cd6        0x2 ff
 .text.__ssvfiscanf_r
                0x02006cd8     0x1a88 C:/devkitPro/devkitARM/bin/../lib/gcc/arm-none-eabi/14.2.0/../../../../arm-none-eabi/lib/thumb\libg.a(libc_a-svfiscanf.o)
                0x02006cd8                __ssvfiscanf_r
 .text._strtoul_l.isra.0
                0x02008760      0x154 C:/devkitPro/devkitARM/bin/../lib/gcc/arm-none-eabi/14.2.0/../../../../arm-none-eabi/lib/thumb\libg.a(libc_a-strtoul.o)
 .text._strtoul_r
                0x020088b4       0x20 C:/devkitPro/devkitARM/bin/../lib/gcc/arm-none-eabi/14.2.0/../../../../arm-none-eabi/lib/thumb\libg.a(libc_a-strtoul.o)
                0x020088b4                _strtoul_r
 .text.__libc_fini_array
                0x020088d4       0x30 C:/devkitPro/devkitARM/bin/../lib/gcc/arm-none-eabi/14.2.0/../../../../arm-none-eabi/lib/thumb\libg.a(libc_a-fini.o)
                0x020088d4                __libc_fini_array
 .text.__sprint_r
                0x02008904       0x24 C:/devkitPro/devkitARM/bin/../lib/gcc/arm-none-eabi/14.2.0/../../../../arm-none-eabi/lib/thumb\libg.a(libc_a-sprint_r.o)
                0x02008904                __sprint_r
 .text.iswspace
                0x02008928       0x10 C:/devkitPro/devkitARM/bin/../lib/gcc/arm-none-eabi/14.2.0/../../../../arm-none-eabi/lib/thumb\libg.a(libc_a-iswspace.o)
                0x02008928                iswspace
 .text.__sccl   0x02008938       0xa0 C:/devkitPro/devkitARM/bin/../lib/gcc/arm-none-eabi/14.2.0/../../../../arm-none-eabi/lib/thumb\libg.a(libc_a-sccl.o)
                0x02008938                __sccl
 .text._localeconv_r
                0x020089d8       0x1c C:/devkitPro/devkitARM/bin/../lib/gcc/arm-none-eabi/14.2.0/../../../../arm-none-eabi/lib/thumb\libg.a(libc_a-localeconv.o)
                0x020089d8                _localeconv_r
 .text.__smakebuf_r
                0x020089f4       0xdc C:/devkitPro/devkitARM/bin/../lib/gcc/arm-none-eabi/14.2.0/../../../../arm-none-eabi/lib/thumb\libg.a(libc_a-makebuf.o)
                0x020089f4                __smakebuf_r
 .text.__swhatbuf_r
                0x02008ad0       0x5c C:/devkitPro/devkitARM/bin/../lib/gcc/arm-none-eabi/14.2.0/../../../../arm-none-eabi/lib/thumb\libg.a(libc_a-makebuf.o)
                0x02008ad0                __swhatbuf_r
 .text.realloc  0x02008b2c       0x18 C:/devkitPro/devkitARM/bin/../lib/gcc/arm-none-eabi/14.2.0/../../../../arm-none-eabi/lib/thumb\libg.a(libc_a-realloc.o)
                0x02008b2c                realloc
 .text.stdio_exit_handler
                0x02008b44       0x20 C:/devkitPro/devkitARM/bin/../lib/gcc/arm-none-eabi/14.2.0/../../../../arm-none-eabi/lib/thumb\libg.a(libc_a-findfp.o)
 .text.cleanup_stdio
                0x02008b64       0x40 C:/devkitPro/devkitARM/bin/../lib/gcc/arm-none-eabi/14.2.0/../../../../arm-none-eabi/lib/thumb\libg.a(libc_a-findfp.o)
 .text.global_stdio_init.part.0
                0x02008ba4      0x128 C:/devkitPro/devkitARM/bin/../lib/gcc/arm-none-eabi/14.2.0/../../../../arm-none-eabi/lib/thumb\libg.a(libc_a-findfp.o)
 .text.__sinit  0x02008ccc       0x3c C:/devkitPro/devkitARM/bin/../lib/gcc/arm-none-eabi/14.2.0/../../../../arm-none-eabi/lib/thumb\libg.a(libc_a-findfp.o)
                0x02008ccc                __sinit
 .text.__sfp_lock_acquire
                0x02008d08       0x14 C:/devkitPro/devkitARM/bin/../lib/gcc/arm-none-eabi/14.2.0/../../../../arm-none-eabi/lib/thumb\libg.a(libc_a-findfp.o)
                0x02008d08                __sfp_lock_acquire
 .text.__sfp_lock_release
                0x02008d1c       0x14 C:/devkitPro/devkitARM/bin/../lib/gcc/arm-none-eabi/14.2.0/../../../../arm-none-eabi/lib/thumb\libg.a(libc_a-findfp.o)
                0x02008d1c                __sfp_lock_release
 .text._wcrtomb_r
                0x02008d30       0x84 C:/devkitPro/devkitARM/bin/../lib/gcc/arm-none-eabi/14.2.0/../../../../arm-none-eabi/lib/thumb\libg.a(libc_a-wcrtomb.o)
                0x02008d30                _wcrtomb_r
 .text._strtol_l.part.0
                0x02008db4      0x25c C:/devkitPro/devkitARM/bin/../lib/gcc/arm-none-eabi/14.2.0/../../../../arm-none-eabi/lib/thumb\libg.a(libc_a-strtol.o)
 .text._strtol_r
                0x02009010       0x34 C:/devkitPro/devkitARM/bin/../lib/gcc/arm-none-eabi/14.2.0/../../../../arm-none-eabi/lib/thumb\libg.a(libc_a-strtol.o)
                0x02009010                _strtol_r
 .text._realloc_r
                0x02009044      0x384 C:/devkitPro/devkitARM/bin/../lib/gcc/arm-none-eabi/14.2.0/../../../../arm-none-eabi/lib/thumb\libg.a(libc_a-reallocr.o)
                0x02009044                _realloc_r
 .text._fwalk_sglue
                0x020093c8       0x4c C:/devkitPro/devkitARM/bin/../lib/gcc/arm-none-eabi/14.2.0/../../../../arm-none-eabi/lib/thumb\libg.a(libc_a-fwalk.o)
                0x020093c8                _fwalk_sglue
 .text.strncpy  0x02009414       0x68 C:/devkitPro/devkitARM/bin/../lib/gcc/arm-none-eabi/14.2.0/../../../../arm-none-eabi/lib/thumb\libg.a(libc_a-strncpy.o)
                0x02009414                strncpy
 .text._strtoull_l.isra.0
                0x0200947c      0x1bc C:/devkitPro/devkitARM/bin/../lib/gcc/arm-none-eabi/14.2.0/../../../../arm-none-eabi/lib/thumb\libg.a(libc_a-strtoull.o)
 .text._strtoull_r
                0x02009638       0x20 C:/devkitPro/devkitARM/bin/../lib/gcc/arm-none-eabi/14.2.0/../../../../arm-none-eabi/lib/thumb\libg.a(libc_a-strtoull.o)
                0x02009638                _strtoull_r
 .text._wcsrtombs_r
                0x02009658       0x1c C:/devkitPro/devkitARM/bin/../lib/gcc/arm-none-eabi/14.2.0/../../../../arm-none-eabi/lib/thumb\libg.a(libc_a-wcsrtombs.o)
                0x02009658                _wcsrtombs_r
 .text._mbrtowc_r
                0x02009674       0x90 C:/devkitPro/devkitARM/bin/../lib/gcc/arm-none-eabi/14.2.0/../../../../arm-none-eabi/lib/thumb\libg.a(libc_a-mbrtowc.o)
                0x02009674                _mbrtowc_r
 .text.__swsetup_r
                0x02009704      0x100 C:/devkitPro/devkitARM/bin/../lib/gcc/arm-none-eabi/14.2.0/../../../../arm-none-eabi/lib/thumb\libg.a(libc_a-wsetup.o)
                0x02009704                __swsetup_r
 .text.__submore
                0x02009804       0x88 C:/devkitPro/devkitARM/bin/../lib/gcc/arm-none-eabi/14.2.0/../../../../arm-none-eabi/lib/thumb\libg.a(libc_a-ungetc.o)
                0x02009804                __submore
 .text.memmove  0x0200988c       0xcc C:/devkitPro/devkitARM/bin/../lib/gcc/arm-none-eabi/14.2.0/../../../../arm-none-eabi/lib/thumb\libg.a(libc_a-memmove.o)
                0x0200988c                memmove
 .text.iswspace_l
                0x02009958       0x28 C:/devkitPro/devkitARM/bin/../lib/gcc/arm-none-eabi/14.2.0/../../../../arm-none-eabi/lib/thumb\libg.a(libc_a-iswspace_l.o)
                0x02009958                iswspace_l
 .text.__sfvwrite_r
                0x02009980      0x304 C:/devkitPro/devkitARM/bin/../lib/gcc/arm-none-eabi/14.2.0/../../../../arm-none-eabi/lib/thumb\libg.a(libc_a-fvwrite.o)
                0x02009980                __sfvwrite_r
 .text._strtoll_l.isra.0
                0x02009c84      0x30c C:/devkitPro/devkitARM/bin/../lib/gcc/arm-none-eabi/14.2.0/../../../../arm-none-eabi/lib/thumb\libg.a(libc_a-strtoll.o)
 .text._strtoll_r
                0x02009f90       0x20 C:/devkitPro/devkitARM/bin/../lib/gcc/arm-none-eabi/14.2.0/../../../../arm-none-eabi/lib/thumb\libg.a(libc_a-strtoll.o)
                0x02009f90                _strtoll_r
 .text.__locale_mb_cur_max
                0x02009fb0       0x20 C:/devkitPro/devkitARM/bin/../lib/gcc/arm-none-eabi/14.2.0/../../../../arm-none-eabi/lib/thumb\libg.a(libc_a-locale.o)
                0x02009fb0                __locale_mb_cur_max
 .text._wcsnrtombs_l
                0x02009fd0      0x10c C:/devkitPro/devkitARM/bin/../lib/gcc/arm-none-eabi/14.2.0/../../../../arm-none-eabi/lib/thumb\libg.a(libc_a-wcsnrtombs.o)
                0x02009fd0                _wcsnrtombs_l
 .text._wcsnrtombs_r
                0x0200a0dc       0x40 C:/devkitPro/devkitARM/bin/../lib/gcc/arm-none-eabi/14.2.0/../../../../arm-none-eabi/lib/thumb\libg.a(libc_a-wcsnrtombs.o)
                0x0200a0dc                _wcsnrtombs_r
 .text.__utf8_mbtowc
                0x0200a11c      0x234 C:/devkitPro/devkitARM/bin/../lib/gcc/arm-none-eabi/14.2.0/../../../../arm-none-eabi/lib/thumb\libg.a(libc_a-mbtowc_r.o)
                0x0200a11c                __utf8_mbtowc
 .text._fclose_r
                0x0200a350       0xd4 C:/devkitPro/devkitARM/bin/../lib/gcc/arm-none-eabi/14.2.0/../../../../arm-none-eabi/lib/thumb\libg.a(libc_a-fclose.o)
                0x0200a350                _fclose_r
 .text.category
                0x0200a424       0x58 C:/devkitPro/devkitARM/bin/../lib/gcc/arm-none-eabi/14.2.0/../../../../arm-none-eabi/lib/thumb\libg.a(libc_a-categories.o)
                0x0200a424                category
 .text.__utf8_wctomb
                0x0200a47c       0xb4 C:/devkitPro/devkitARM/bin/../lib/gcc/arm-none-eabi/14.2.0/../../../../arm-none-eabi/lib/thumb\libg.a(libc_a-wctomb_r.o)
                0x0200a47c                __utf8_wctomb
 .text._exit    0x0200a530       0x14 C:/devkitPro/devkitARM/bin/../lib/gcc/arm-none-eabi/14.2.0/../../../../arm-none-eabi/lib/thumb\libsysbase.a(libsysbase_libsysbase_a-_exit.o)
                0x0200a530                _exit
 .text._fstat_r
                0x0200a544       0x58 C:/devkitPro/devkitARM/bin/../lib/gcc/arm-none-eabi/14.2.0/../../../../arm-none-eabi/lib/thumb\libsysbase.a(libsysbase_libsysbase_a-fstat.o)
                0x0200a544                _fstat_r
 .text.__getreent
                0x0200a59c       0x20 C:/devkitPro/devkitARM/bin/../lib/gcc/arm-none-eabi/14.2.0/../../../../arm-none-eabi/lib/thumb\libsysbase.a(libsysbase_libsysbase_a-getreent.o)
                0x0200a59c                __getreent
 .text.__get_handle
                0x0200a5bc       0x34 C:/devkitPro/devkitARM/bin/../lib/gcc/arm-none-eabi/14.2.0/../../../../arm-none-eabi/lib/thumb\libsysbase.a(libsysbase_libsysbase_a-handle_manager.o)
                0x0200a5bc                __get_handle
 .text._close_r
                0x0200a5f0       0xb8 C:/devkitPro/devkitARM/bin/../lib/gcc/arm-none-eabi/14.2.0/../../../../arm-none-eabi/lib/thumb\libsysbase.a(libsysbase_libsysbase_a-handle_manager.o)
                0x0200a5f0                _close_r
 .text.null_write
                0x0200a6a8        0x4 C:/devkitPro/devkitARM/bin/../lib/gcc/arm-none-eabi/14.2.0/../../../../arm-none-eabi/lib/thumb\libsysbase.a(libsysbase_libsysbase_a-iosupport.o)
 .text._isatty_r
                0x0200a6ac        0x4 C:/devkitPro/devkitARM/bin/../lib/gcc/arm-none-eabi/14.2.0/../../../../arm-none-eabi/lib/thumb\libsysbase.a(libsysbase_libsysbase_a-isatty.o)
                0x0200a6ac                _isatty_r
 .text._lseek_r
                0x0200a6b0       0x60 C:/devkitPro/devkitARM/bin/../lib/gcc/arm-none-eabi/14.2.0/../../../../arm-none-eabi/lib/thumb\libsysbase.a(libsysbase_libsysbase_a-lseek.o)
                0x0200a6b0                _lseek_r
 .text._read_r  0x0200a710       0x58 C:/devkitPro/devkitARM/bin/../lib/gcc/arm-none-eabi/14.2.0/../../../../arm-none-eabi/lib/thumb\libsysbase.a(libsysbase_libsysbase_a-read.o)
                0x0200a710                _read_r
 .text._sbrk_r  0x0200a768       0x54 C:/devkitPro/devkitARM/bin/../lib/gcc/arm-none-eabi/14.2.0/../../../../arm-none-eabi/lib/thumb\libsysbase.a(libsysbase_libsysbase_a-sbrk.o)
                0x0200a768                _sbrk_r
 .text.__libc_lock_acquire
                0x0200a7bc       0x18 C:/devkitPro/devkitARM/bin/../lib/gcc/arm-none-eabi/14.2.0/../../../../arm-none-eabi/lib/thumb\libsysbase.a(libsysbase_libsysbase_a-syscall_support.o)
                0x0200a7bc                __libc_lock_acquire
 .text.__libc_lock_release
                0x0200a7d4       0x18 C:/devkitPro/devkitARM/bin/../lib/gcc/arm-none-eabi/14.2.0/../../../../arm-none-eabi/lib/thumb\libsysbase.a(libsysbase_libsysbase_a-syscall_support.o)
                0x0200a7d4                __libc_lock_release
 .text.__libc_lock_acquire_recursive
                0x0200a7ec       0x18 C:/devkitPro/devkitARM/bin/../lib/gcc/arm-none-eabi/14.2.0/../../../../arm-none-eabi/lib/thumb\libsysbase.a(libsysbase_libsysbase_a-syscall_support.o)
                0x0200a7ec                __libc_lock_acquire_recursive
 .text.__libc_lock_release_recursive
                0x0200a804       0x18 C:/devkitPro/devkitARM/bin/../lib/gcc/arm-none-eabi/14.2.0/../../../../arm-none-eabi/lib/thumb\libsysbase.a(libsysbase_libsysbase_a-syscall_support.o)
                0x0200a804                __libc_lock_release_recursive
 .text._write_r
                0x0200a81c       0x58 C:/devkitPro/devkitARM/bin/../lib/gcc/arm-none-eabi/14.2.0/../../../../arm-none-eabi/lib/thumb\libsysbase.a(libsysbase_libsysbase_a-write.o)
                0x0200a81c                _write_r
 .text          0x0200a874       0x14 C:/devkitPro/devkitARM/bin/../lib/gcc/arm-none-eabi/14.2.0/thumb\libgcc.a(_thumb1_case_uqi.o)
                0x0200a874                __gnu_thumb1_case_uqi
 .text          0x0200a888       0x14 C:/devkitPro/devkitARM/bin/../lib/gcc/arm-none-eabi/14.2.0/thumb\libgcc.a(_thumb1_case_uhi.o)
                0x0200a888                __gnu_thumb1_case_uhi
 .text          0x0200a89c      0x11c C:/devkitPro/devkitARM/bin/../lib/gcc/arm-none-eabi/14.2.0/thumb\libgcc.a(_udivsi3.o)
                0x0200a89c                __aeabi_uidiv
                0x0200a89c                __udivsi3
                0x0200a998                __aeabi_uidivmod
 .text.__muldi3
                0x0200a9b8       0x64 C:/devkitPro/devkitARM/bin/../lib/gcc/arm-none-eabi/14.2.0/thumb\libgcc.a(_muldi3.o)
                0x0200a9b8                __muldi3
                0x0200a9b8                __aeabi_lmul
 EXCLUDE_FILE(*.twl.*) *(.glue_7t .glue_7 .vfp11_veneer .v4_bx)
 .glue_7        0x0200aa1c        0x0 linker stubs
 .glue_7t       0x0200aa1c        0x0 linker stubs
 .vfp11_veneer  0x0200aa1c        0x0 linker stubs
 .v4_bx         0x0200aa1c        0x0 linker stubs
 *(SORT_NONE(.fini))
 .fini          0x0200aa1c        0x4 C:/devkitPro/devkitARM/bin/../lib/gcc/arm-none-eabi/14.2.0/thumb/crti.o
                0x0200aa1c                _fini
 .fini          0x0200aa20        0x8 C:/devkitPro/devkitARM/bin/../lib/gcc/arm-none-eabi/14.2.0/thumb/crtn.o
 .fini.__stub   0x0200aa28       0x10 linker stubs
 EXCLUDE_FILE(*.twl.*) *(.rodata .rodata.* .gnu.linkonce.r.*)
 .rodata.main.str1.4
                0x0200aa38      0x160 main.o
                                 0xcc (size before relaxing)
 .rodata.con_write.str1.4
                0x0200ab98       0x30 C:/devkitPro/libnds/lib\libnds9.a(console.o)
 .rodata.con_write
                0x0200ab98       0xd4 C:/devkitPro/libnds/lib\libnds9.a(console.o)
 .rodata.str1.4
                0x0200ac6c       0x14 C:/devkitPro/libnds/lib\libnds9.a(console.o)
 .rodata.dotab_stdout
                0x0200ac6c       0x80 C:/devkitPro/libnds/lib\libnds9.a(console.o)
 .rodata.default_font_bin
                0x0200acec      0x800 C:/devkitPro/libnds/lib\libnds9.a(default_font.bin.o)
                0x0200acec                default_font_bin
                0x0200b4ec                default_font_bin_end
 .rodata.SIN_LUT
                0x0200b4ec      0x102 C:/devkitPro/libnds/lib\libnds9.a(trig.o)
                0x0200b4ec                SIN_LUT
 .rodata._vfiprintf_r.str1.1
                0x0200b5ee       0x29 C:/devkitPro/devkitARM/bin/../lib/gcc/arm-none-eabi/14.2.0/../../../../arm-none-eabi/lib/thumb\libg.a(libc_a-vfiprintf.o)
 *fill*         0x0200b617        0x1 ff
 .rodata.zeroes.0
                0x0200b618       0x10 C:/devkitPro/devkitARM/bin/../lib/gcc/arm-none-eabi/14.2.0/../../../../arm-none-eabi/lib/thumb\libg.a(libc_a-vfiprintf.o)
 .rodata.blanks.1
                0x0200b628       0x10 C:/devkitPro/devkitARM/bin/../lib/gcc/arm-none-eabi/14.2.0/../../../../arm-none-eabi/lib/thumb\libg.a(libc_a-vfiprintf.o)
 .rodata.basefix.0
                0x0200b638       0x22 C:/devkitPro/devkitARM/bin/../lib/gcc/arm-none-eabi/14.2.0/../../../../arm-none-eabi/lib/thumb\libg.a(libc_a-svfiscanf.o)
 *fill*         0x0200b65a        0x2 ff
 .rodata._ctype_
                0x0200b65c      0x101 C:/devkitPro/devkitARM/bin/../lib/gcc/arm-none-eabi/14.2.0/../../../../arm-none-eabi/lib/thumb\libg.a(libc_a-ctype_.o)
                0x0200b65c                _ctype_
 *fill*         0x0200b75d        0x3 ff
 .rodata.__action_table
                0x0200b760       0x6c C:/devkitPro/devkitARM/bin/../lib/gcc/arm-none-eabi/14.2.0/../../../../arm-none-eabi/lib/thumb\libg.a(libc_a-svfiprintf.o)
                0x0200b760                __action_table
 .rodata.__state_table
                0x0200b7cc       0x6c C:/devkitPro/devkitARM/bin/../lib/gcc/arm-none-eabi/14.2.0/../../../../arm-none-eabi/lib/thumb\libg.a(libc_a-svfiprintf.o)
                0x0200b7cc                __state_table
 .rodata.__chclass
                0x0200b838      0x100 C:/devkitPro/devkitARM/bin/../lib/gcc/arm-none-eabi/14.2.0/../../../../arm-none-eabi/lib/thumb\libg.a(libc_a-svfiprintf.o)
                0x0200b838                __chclass
 .rodata._mbrtowc_r.str1.4
                0x0200b938        0x1 C:/devkitPro/devkitARM/bin/../lib/gcc/arm-none-eabi/14.2.0/../../../../arm-none-eabi/lib/thumb\libg.a(libc_a-mbrtowc.o)
 .rodata.str1.4
                0x0200b938       0x4c C:/devkitPro/devkitARM/bin/../lib/gcc/arm-none-eabi/14.2.0/../../../../arm-none-eabi/lib/thumb\libg.a(libc_a-locale.o)
 .rodata.categories
                0x0200b938     0x35dc C:/devkitPro/devkitARM/bin/../lib/gcc/arm-none-eabi/14.2.0/../../../../arm-none-eabi/lib/thumb\libg.a(libc_a-categories.o)
 .rodata.AddDevice.str1.4
                0x0200ef14        0x8 C:/devkitPro/devkitARM/bin/../lib/gcc/arm-none-eabi/14.2.0/../../../../arm-none-eabi/lib/thumb\libsysbase.a(libsysbase_libsysbase_a-iosupport.o)
 .rodata.dotab_stdnull
                0x0200ef14       0x80 C:/devkitPro/devkitARM/bin/../lib/gcc/arm-none-eabi/14.2.0/../../../../arm-none-eabi/lib/thumb\libsysbase.a(libsysbase_libsysbase_a-iosupport.o)
                0x0200ef14                dotab_stdnull
 EXCLUDE_FILE(*.twl.*) *(.rodata1)
                0x0200ef94                        . = ALIGN (0x4)

.main.rw        0x0200ef98     0x1828 load address 0x02012fd4
 EXCLUDE_FILE(*.twl.*) *(.data .data.* .gnu.linkonce.d.*)
 .data.firstConsoleInit.0
                0x0200ef98        0x1 C:/devkitPro/libnds/lib\libnds9.a(console.o)
 *fill*         0x0200ef99        0x3 ff
 .data.currentConsole
                0x0200ef9c        0x4 C:/devkitPro/libnds/lib\libnds9.a(console.o)
                0x0200ef9c                currentConsole
 .data.defaultConsole
                0x0200efa0       0x5c C:/devkitPro/libnds/lib\libnds9.a(console.o)
                0x0200efa0                defaultConsole
 .data.count    0x0200effc        0x1 C:/devkitPro/libnds/lib\libnds9.a(keys.o)
 .data.repeat   0x0200effd        0x1 C:/devkitPro/libnds/lib\libnds9.a(keys.o)
 .data.delay    0x0200effe        0x1 C:/devkitPro/libnds/lib\libnds9.a(keys.o)
 *fill*         0x0200efff        0x1 ff
 .data.bgTransform
                0x0200f000       0x20 C:/devkitPro/libnds/lib\libnds9.a(background.o)
                0x0200f000                bgTransform
 .data.bgScrollTable
                0x0200f020       0x20 C:/devkitPro/libnds/lib\libnds9.a(background.o)
                0x0200f020                bgScrollTable
 .data.bgControl
                0x0200f040       0x20 C:/devkitPro/libnds/lib\libnds9.a(background.o)
                0x0200f040                bgControl
 .data.__malloc_sbrk_base
                0x0200f060        0x4 C:/devkitPro/devkitARM/bin/../lib/gcc/arm-none-eabi/14.2.0/../../../../arm-none-eabi/lib/thumb\libg.a(libc_a-mallocr.o)
                0x0200f060                __malloc_sbrk_base
 .data.__malloc_trim_threshold
                0x0200f064        0x4 C:/devkitPro/devkitARM/bin/../lib/gcc/arm-none-eabi/14.2.0/../../../../arm-none-eabi/lib/thumb\libg.a(libc_a-mallocr.o)
                0x0200f064                __malloc_trim_threshold
 .data.__malloc_av_
                0x0200f068      0x408 C:/devkitPro/devkitARM/bin/../lib/gcc/arm-none-eabi/14.2.0/../../../../arm-none-eabi/lib/thumb\libg.a(libc_a-mallocr.o)
                0x0200f068                __malloc_av_
 .data._impure_ptr
                0x0200f470        0x4 C:/devkitPro/devkitARM/bin/../lib/gcc/arm-none-eabi/14.2.0/../../../../arm-none-eabi/lib/thumb\libg.a(libc_a-impure.o)
                0x0200f470                _impure_ptr
 *fill*         0x0200f474        0x4 ff
 .data._impure_data
                0x0200f478      0x120 C:/devkitPro/devkitARM/bin/../lib/gcc/arm-none-eabi/14.2.0/../../../../arm-none-eabi/lib/thumb\libg.a(libc_a-impure.o)
                0x0200f478                _impure_data
 .data.__sglue  0x0200f598        0xc C:/devkitPro/devkitARM/bin/../lib/gcc/arm-none-eabi/14.2.0/../../../../arm-none-eabi/lib/thumb\libg.a(libc_a-findfp.o)
                0x0200f598                __sglue
 .data.__global_locale
                0x0200f5a4      0x16c C:/devkitPro/devkitARM/bin/../lib/gcc/arm-none-eabi/14.2.0/../../../../arm-none-eabi/lib/thumb\libg.a(libc_a-locale.o)
                0x0200f5a4                __global_locale
 .data.handles  0x0200f710     0x1000 C:/devkitPro/devkitARM/bin/../lib/gcc/arm-none-eabi/14.2.0/../../../../arm-none-eabi/lib/thumb\libsysbase.a(libsysbase_libsysbase_a-handle_manager.o)
 .data.__stderr_handle
                0x02010710        0xc C:/devkitPro/devkitARM/bin/../lib/gcc/arm-none-eabi/14.2.0/../../../../arm-none-eabi/lib/thumb\libsysbase.a(libsysbase_libsysbase_a-handle_manager.o)
 .data.__stdout_handle
                0x0201071c        0xc C:/devkitPro/devkitARM/bin/../lib/gcc/arm-none-eabi/14.2.0/../../../../arm-none-eabi/lib/thumb\libsysbase.a(libsysbase_libsysbase_a-handle_manager.o)
 .data.__stdin_handle
                0x02010728        0xc C:/devkitPro/devkitARM/bin/../lib/gcc/arm-none-eabi/14.2.0/../../../../arm-none-eabi/lib/thumb\libsysbase.a(libsysbase_libsysbase_a-handle_manager.o)
 .data.devoptab_list
                0x02010734       0x8c C:/devkitPro/devkitARM/bin/../lib/gcc/arm-none-eabi/14.2.0/../../../../arm-none-eabi/lib/thumb\libsysbase.a(libsysbase_libsysbase_a-iosupport.o)
                0x02010734                devoptab_list
 EXCLUDE_FILE(*.twl.*) *(.data1)
 EXCLUDE_FILE(*.twl.*) *(.igot.plt)
 .igot.plt      0x020107c0        0x0 C:/devkitPro/devkitARM/bin/../lib/gcc/arm-none-eabi/14.2.0/thumb/crtbegin.o
                0x020107c0                        . = ALIGN (0x4)

.ARM.extab
 *(.ARM.extab* .gnu.linkonce.armextab.*)

.ARM.exidx      0x020107c0        0x0 load address 0x020147fc
 *(.ARM.exidx* .gnu.linkonce.armexidx.*)
                [!provide]                        PROVIDE (__exidx_start = ADDR (.ARM.exidx))
                [!provide]                        PROVIDE (__exidx_end = (ADDR (.ARM.exidx) + SIZEOF (.ARM.exidx)))

.eh_frame_hdr
 *(.eh_frame_hdr)
 *(.eh_frame_entry .eh_frame_entry.*)

.eh_frame       0x020107c0        0x4 load address 0x020147fc
 *(.eh_frame)
 .eh_frame      0x020107c0        0x0 C:/devkitPro/devkitARM/bin/../lib/gcc/arm-none-eabi/14.2.0/thumb/crtbegin.o
 .eh_frame      0x020107c0        0x4 C:/devkitPro/devkitARM/bin/../lib/gcc/arm-none-eabi/14.2.0/thumb/crtend.o
 *(.eh_frame.*)

.gcc_except_table
 *(.gcc_except_table .gcc_except_table.*)

.gnu_extab
 *(.gnu_extab*)

.tinfo          0x020107c4        0xc load address 0x02014800
                0x020107c4        0x4 LONG 0x20107d8 __tls_start
                0x020107c8        0x4 LONG 0x0 SIZEOF (.main.tls)
                0x020107cc        0x4 LONG 0x0 SIZEOF (.tdata)
                0x020107c4                        PROVIDE (__tls_info = ADDR (.tinfo))

.preinit_array  0x020107d0        0x0 load address 0x0201480c
                0x020107d0                        PROVIDE (__preinit_array_start = .)
 *(.preinit_array)
                0x020107d0                        PROVIDE (__preinit_array_end = .)

.init_array     0x020107d0        0x4 load address 0x0201480c
                0x020107d0                        PROVIDE (__init_array_start = .)
 *(SORT_BY_INIT_PRIORITY(.init_array.*) SORT_BY_INIT_PRIORITY(.ctors.*))
 *(.init_array .ctors)
 .init_array    0x020107d0        0x4 C:/devkitPro/devkitARM/bin/../lib/gcc/arm-none-eabi/14.2.0/thumb/crtbegin.o
                0x020107d4                        PROVIDE (__init_array_end = .)

.fini_array     0x020107d4        0x4 load address 0x02014810
                0x020107d4                        PROVIDE (__fini_array_start = .)
 *(SORT_BY_INIT_PRIORITY(.fini_array.*) SORT_BY_INIT_PRIORITY(.dtors.*))
 *(.fini_array .dtors)
 .fini_array    0x020107d4        0x4 C:/devkitPro/devkitARM/bin/../lib/gcc/arm-none-eabi/14.2.0/thumb/crtbegin.o
                0x020107d8                        PROVIDE (__fini_array_end = .)
                [!provide]                        PROVIDE (__main_lma = LOADADDR (.main))
                0x02001360                        PROVIDE (__main_start = ADDR (.main))
                0x020107d8                        PROVIDE (__main_end = (ADDR (.fini_array) + SIZEOF (.fini_array)))

.tdata          0x00000000        0x0 load address 0x02014814
 *(.tdata .tdata.* .gnu.linkonce.td.*)
                0x00000000                        . = ALIGN (0x4)

.tbss           0x00000000        0x0 load address 0x02014814
 *(.tbss .tbss.* .gnu.linkonce.tb.*)
 *(.tcommon)
                0x00000000                        . = ALIGN (0x4)
                0x00000001                        ASSERT (((ALIGNOF (.tdata) <= 0x8) || (ALIGNOF (.tbss) <= 0x8)), Error: TLS is overaligned (up to 8-byte alignment is supported))
                0x00000001                        ASSERT (((ADDR (.tbss) + SIZEOF (.tbss)) <= (ORIGIN (tls) + LENGTH (tls))), Error: TLS section too large)

.main.tls       0x020107d8        0x0
                0x020107d8                        . = (. + ((ADDR (.tbss) + SIZEOF (.tbss)) - ADDR (.tdata)))
                [!provide]                        PROVIDE (__tls_lma = LOADADDR (.tdata))
                0x020107d8                        PROVIDE (__tls_start = ADDR (.main.tls))
                0x020107d8                        PROVIDE (__tls_end = (ADDR (.main.tls) + SIZEOF (.tdata)))

.main.bss       0x020107d8      0x92c
 EXCLUDE_FILE(*.twl.*) *(.dynbss)
 EXCLUDE_FILE(*.twl.*) *(.bss .bss.* .gnu.linkonce.b.*)
 .bss.completed.1
                0x020107d8        0x1 C:/devkitPro/devkitARM/bin/../lib/gcc/arm-none-eabi/14.2.0/thumb/crtbegin.o
 *fill*         0x020107d9        0x3 
 .bss.object.0  0x020107dc       0x18 C:/devkitPro/devkitARM/bin/../lib/gcc/arm-none-eabi/14.2.0/thumb/crtbegin.o
 .bss._ZL14elapsedSeconds
                0x020107f4        0x4 main.o
 .bss._ZL3fps   0x020107f8        0x4 main.o
 .bss._ZL5frame
                0x020107fc        0x4 main.o
 .bss.currentCopy
                0x02010800       0x5c C:/devkitPro/libnds/lib\libnds9.a(console.o)
                0x02010800                currentCopy
 .bss.keysrepeat
                0x0201085c        0x2 C:/devkitPro/libnds/lib\libnds9.a(keys.o)
 *fill*         0x0201085e        0x2 
 .bss.s_keypad  0x02010860        0x4 C:/devkitPro/libnds/lib\libnds9.a(keys.o)
 .bss.bgIsTextLut
                0x02010864        0x8 C:/devkitPro/libnds/lib\libnds9.a(background.o)
                0x02010864                bgIsTextLut
 .bss.bgState   0x0201086c      0x140 C:/devkitPro/libnds/lib\libnds9.a(background.o)
                0x0201086c                bgState
 .bss.s_firstTask
                0x020109ac        0x4 C:/devkitPro/calico/lib\libcalico_ds9.a(tick.o)
 .bss.s_highTickCount
                0x020109b0        0x8 C:/devkitPro/calico/lib\libcalico_ds9.a(tick.o)
 .bss.s_tickInit
                0x020109b8        0x1 C:/devkitPro/calico/lib\libcalico_ds9.a(tick.o)
 *fill*         0x020109b9        0x3 
 .bss.s_sleepThreads
                0x020109bc        0x8 C:/devkitPro/calico/lib\libcalico_ds9.a(thread_cold.o)
 .bss.s_joinThreads
                0x020109c4        0x8 C:/devkitPro/calico/lib\libcalico_ds9.a(thread_cold.o)
 .bss.s_idleThread
                0x020109cc       0x70 C:/devkitPro/calico/lib\libcalico_ds9.a(thread_cold.o)
 .bss.s_mainThread
                0x02010a3c       0x70 C:/devkitPro/calico/lib\libcalico_ds9.a(thread_cold.o)
 *fill*         0x02010aac        0x4 
 .bss.s_pmPxiThreadStack
                0x02010ab0      0x200 C:/devkitPro/calico/lib\libcalico_ds9.a(pm.o)
 .bss.s_pmPxiThread
                0x02010cb0       0x70 C:/devkitPro/calico/lib\libcalico_ds9.a(pm.o)
 .bss.s_pmState
                0x02010d20        0x8 C:/devkitPro/calico/lib\libcalico_ds9.a(pm.o)
 .bss.s_mailboxRecvQueue
                0x02010d28        0x8 C:/devkitPro/calico/lib\libcalico_ds9.a(mailbox.o)
 .bss.s_defaultErrno.0
                0x02010d30        0x4 C:/devkitPro/calico/lib\libcalico_ds9.a(newlib_syscalls.o)
 .bss.g_isTwlMode
                0x02010d34        0x1 C:/devkitPro/calico/lib\libcalico_ds9.a(startup.crt0.o)
                0x02010d34                g_isTwlMode
 *fill*         0x02010d35        0x3 
 .bss.s_pxiChannels
                0x02010d38      0x1f0 C:/devkitPro/calico/lib\libcalico_ds9.a(pxi.o)
 .bss.s_pxiRecvState
                0x02010f28        0x4 C:/devkitPro/calico/lib\libcalico_ds9.a(pxi.o)
 .bss.s_pxiRecvQueue
                0x02010f2c        0x8 C:/devkitPro/calico/lib\libcalico_ds9.a(pxi.o)
 .bss.s_pxiSendMutex
                0x02010f34        0x4 C:/devkitPro/calico/lib\libcalico_ds9.a(pxi.o)
 .bss.__malloc_current_mallinfo
                0x02010f38       0x28 C:/devkitPro/devkitARM/bin/../lib/gcc/arm-none-eabi/14.2.0/../../../../arm-none-eabi/lib/thumb\libg.a(libc_a-mallocr.o)
                0x02010f38                __malloc_current_mallinfo
 .bss.__malloc_max_total_mem
                0x02010f60        0x4 C:/devkitPro/devkitARM/bin/../lib/gcc/arm-none-eabi/14.2.0/../../../../arm-none-eabi/lib/thumb\libg.a(libc_a-mallocr.o)
                0x02010f60                __malloc_max_total_mem
 .bss.__malloc_max_sbrked_mem
                0x02010f64        0x4 C:/devkitPro/devkitARM/bin/../lib/gcc/arm-none-eabi/14.2.0/../../../../arm-none-eabi/lib/thumb\libg.a(libc_a-mallocr.o)
                0x02010f64                __malloc_max_sbrked_mem
 .bss.__malloc_top_pad
                0x02010f68        0x4 C:/devkitPro/devkitARM/bin/../lib/gcc/arm-none-eabi/14.2.0/../../../../arm-none-eabi/lib/thumb\libg.a(libc_a-mallocr.o)
                0x02010f68                __malloc_top_pad
 .bss.__malloc_recursive_mutex
                0x02010f6c        0xc C:/devkitPro/devkitARM/bin/../lib/gcc/arm-none-eabi/14.2.0/../../../../arm-none-eabi/lib/thumb\libg.a(libc_a-mlock.o)
 .bss.__sfp_recursive_mutex
                0x02010f78        0xc C:/devkitPro/devkitARM/bin/../lib/gcc/arm-none-eabi/14.2.0/../../../../arm-none-eabi/lib/thumb\libg.a(libc_a-findfp.o)
 *fill*         0x02010f84        0x4 
 .bss.__sf      0x02010f88      0x168 C:/devkitPro/devkitARM/bin/../lib/gcc/arm-none-eabi/14.2.0/../../../../arm-none-eabi/lib/thumb\libg.a(libc_a-findfp.o)
                0x02010f88                __sf
 .bss.__stdio_exit_handler
                0x020110f0        0x4 C:/devkitPro/devkitARM/bin/../lib/gcc/arm-none-eabi/14.2.0/../../../../arm-none-eabi/lib/thumb\libg.a(libc_a-findfp.o)
                0x020110f0                __stdio_exit_handler
 .bss.__hndl_lock
                0x020110f4        0x4 C:/devkitPro/devkitARM/bin/../lib/gcc/arm-none-eabi/14.2.0/../../../../arm-none-eabi/lib/thumb\libsysbase.a(libsysbase_libsysbase_a-handle_manager.o)
 .bss.fake_heap_start
                0x020110f8        0x4 C:/devkitPro/devkitARM/bin/../lib/gcc/arm-none-eabi/14.2.0/../../../../arm-none-eabi/lib/thumb\libsysbase.a(libsysbase_libsysbase_a-malloc_vars.o)
                0x020110f8                fake_heap_start
 .bss.fake_heap_end
                0x020110fc        0x4 C:/devkitPro/devkitARM/bin/../lib/gcc/arm-none-eabi/14.2.0/../../../../arm-none-eabi/lib/thumb\libsysbase.a(libsysbase_libsysbase_a-malloc_vars.o)
                0x020110fc                fake_heap_end
 .bss.heap_start.0
                0x02011100        0x4 C:/devkitPro/devkitARM/bin/../lib/gcc/arm-none-eabi/14.2.0/../../../../arm-none-eabi/lib/thumb\libsysbase.a(libsysbase_libsysbase_a-sbrk.o)
 EXCLUDE_FILE(*.twl.*) *(COMMON)
                0x02011104                        . = ALIGN (0x4)
                [!provide]                        PROVIDE (__main_bss_start = ADDR (.main.bss))
                0x02011104                        PROVIDE (__main_bss_end = (ADDR (.main.bss) + SIZEOF (.main.bss)))
                0x02011104                        . = .
                0x02011104                        PROVIDE (__heap_start_ntr = .)
                0x00000001                        ASSERT ((. <= 0x2380000), Error: DS-mode sections overflow DS ARM9 memory size (3.5 MB))

.twl            0x02011120        0x0 load address 0x02400000
 *(.twl .twl.*)
 *.twl.*(.text .stub .text.* .gnu.linkonce.t.*)
 *.twl.*(.glue_7t .glue_7 .vfp11_veneer .v4_bx)
 *.twl.*(.rodata .rodata.* .gnu.linkonce.r.*)
 *.twl.*(.rodata1)
                0x02011120                        . = ALIGN (0x4)

.twl.rw         0x02011120        0x0 load address 0x02400000
 *.twl.*(.data .data.* .gnu.linkonce.d.*)
 *.twl.*(.data1)
                0x02011120                        . = ALIGN (0x4)
                0x02400000                        PROVIDE (__twl_lma = LOADADDR (.twl))
                0x02011120                        PROVIDE (__twl_start = ADDR (.twl))
                0x02011120                        PROVIDE (__twl_end = (ADDR (.twl.rw) + SIZEOF (.twl.rw)))

.twl.bss        0x02011120        0x0 load address 0x02400000
 *(.twl_bss .twl_bss.*)
 *.twl.*(.dynbss)
 *.twl.*(.bss .bss.* .gnu.linkonce.b.*)
 *.twl.*(COMMON)
                0x02011120                        . = ALIGN (0x4)
                [!provide]                        PROVIDE (__twl_bss_start = ADDR (.twl.bss))
                0x02011120                        PROVIDE (__twl_bss_end = (ADDR (.twl.bss) + SIZEOF (.twl.bss)))
                0x02011120                        . = .
                0x02011120                        PROVIDE (__heap_start_twl = .)

.loadlist       0x0e000990       0x30 load address 0x02014814
                0x0e000990        0x4 LONG 0x1ff8000 __itcm_start
                0x0e000994        0x4 LONG 0x1ff86ac __itcm_end
                0x0e000998        0x4 LONG 0x1ff86ac __itcm_end
                0x0e00099c        0x4 LONG 0x2ff0000 __dtcm_start
                0x0e0009a0        0x4 LONG 0x2ff0000 __dtcm_end
                0x0e0009a4        0x4 LONG 0x2ff0098 __dtcm_bss_end
                0x0e0009a8        0x4 LONG 0x2001360 __main_start
                0x0e0009ac        0x4 LONG 0x20107d8 __main_end
                0x0e0009b0        0x4 LONG 0x20107d8 __main_end
                0x0e0009b4        0x4 LONG 0x20107d8 __tls_start
                0x0e0009b8        0x4 LONG 0x20107d8 __tls_end
                0x0e0009bc        0x4 LONG 0x2011104 __main_bss_end
                0x02004cf0                        PROVIDE (__loadlist_lma = __itcm_lma)
                0x02014814                        PROVIDE (__loadlist_start = LOADADDR (.loadlist))
                0x02014844                        PROVIDE (__loadlist_end = (LOADADDR (.loadlist) + SIZEOF (.loadlist)))

.twl.loadlist   0x0e0009c0        0xc load address 0x02400000
                0x0e0009c0        0x4 LONG 0x2011120 __twl_start
                0x0e0009c4        0x4 LONG 0x2011120 __twl_end
                0x0e0009c8        0x4 LONG 0x2011120 __twl_bss_end
                0x02400000                        PROVIDE (__twl_loadlist_lma = __twl_lma)
                0x02400000                        PROVIDE (__twl_loadlist_start = LOADADDR (.twl.loadlist))
                0x0240000c                        PROVIDE (__twl_loadlist_end = (LOADADDR (.twl.loadlist) + SIZEOF (.twl.loadlist)))

.rel.dyn        0x0e0009cc        0x0 load address 0x0240000c
 .rel.iplt      0x0e0009cc        0x0 C:/devkitPro/devkitARM/bin/../lib/gcc/arm-none-eabi/14.2.0/thumb/crtbegin.o

.stab
 *(.stab)

.stabstr
 *(.stabstr)

.stab.excl
 *(.stab.excl)

.stab.exclstr
 *(.stab.exclstr)

.stab.index
 *(.stab.index)

.stab.indexstr
 *(.stab.indexstr)

.comment        0x00000000       0x23
 *(.comment)
 .comment       0x00000000       0x23 C:/devkitPro/devkitARM/bin/../lib/gcc/arm-none-eabi/14.2.0/thumb/crtbegin.o
                                 0x24 (size before relaxing)
 .comment       0x00000023       0x24 main.o
 .comment       0x00000023       0x24 C:/devkitPro/libnds/lib\libnds9.a(console.o)
 .comment       0x00000023       0x24 C:/devkitPro/libnds/lib\libnds9.a(keys.o)
 .comment       0x00000023       0x24 C:/devkitPro/libnds/lib\libnds9.a(timers.o)
 .comment       0x00000023       0x24 C:/devkitPro/libnds/lib\libnds9.a(background.o)
 .comment       0x00000023       0x24 C:/devkitPro/libnds/lib\libnds9.a(trig.o)
 .comment       0x00000023       0x24 C:/devkitPro/calico/lib\libcalico_ds9.a(irq.o)
 .comment       0x00000023       0x24 C:/devkitPro/calico/lib\libcalico_ds9.a(tick.o)
 .comment       0x00000023       0x24 C:/devkitPro/calico/lib\libcalico_ds9.a(thread_cold.o)
 .comment       0x00000023       0x24 C:/devkitPro/calico/lib\libcalico_ds9.a(thread_hot.32.o)
 .comment       0x00000023       0x24 C:/devkitPro/calico/lib\libcalico_ds9.a(arm-shims.32.o)
 .comment       0x00000023       0x24 C:/devkitPro/calico/lib\libcalico_ds9.a(keypad.o)
 .comment       0x00000023       0x24 C:/devkitPro/calico/lib\libcalico_ds9.a(pm.o)
 .comment       0x00000023       0x24 C:/devkitPro/calico/lib\libcalico_ds9.a(touch.o)
 .comment       0x00000023       0x24 C:/devkitPro/calico/lib\libcalico_ds9.a(mailbox.o)
 .comment       0x00000023       0x24 C:/devkitPro/calico/lib\libcalico_ds9.a(newlib_syscalls.o)
 .comment       0x00000023       0x24 C:/devkitPro/calico/lib\libcalico_ds9.a(startup.crt0.o)
 .comment       0x00000023       0x24 C:/devkitPro/calico/lib\libcalico_ds9.a(pxi.o)
 .comment       0x00000023       0x24 C:/devkitPro/calico/lib\libcalico_ds9.a(sys_startup.o)
 .comment       0x00000023       0x24 C:/devkitPro/calico/lib\libcalico_ds9.a(mutex.o)
 .comment       0x00000023       0x24 C:/devkitPro/devkitARM/bin/../lib/gcc/arm-none-eabi/14.2.0/thumb\libgcc.a(_udivmoddi4.o)
 .comment       0x00000023       0x24 C:/devkitPro/devkitARM/bin/../lib/gcc/arm-none-eabi/14.2.0/../../../../arm-none-eabi/lib/thumb\libg.a(libc_a-siscanf.o)
 .comment       0x00000023       0x24 C:/devkitPro/devkitARM/bin/../lib/gcc/arm-none-eabi/14.2.0/../../../../arm-none-eabi/lib/thumb\libg.a(libc_a-stdio.o)
 .comment       0x00000023       0x24 C:/devkitPro/devkitARM/bin/../lib/gcc/arm-none-eabi/14.2.0/../../../../arm-none-eabi/lib/thumb\libg.a(libc_a-mallocr.o)
 .comment       0x00000023       0x24 C:/devkitPro/devkitARM/bin/../lib/gcc/arm-none-eabi/14.2.0/../../../../arm-none-eabi/lib/thumb\libg.a(libc_a-freer.o)
 .comment       0x00000023       0x24 C:/devkitPro/devkitARM/bin/../lib/gcc/arm-none-eabi/14.2.0/../../../../arm-none-eabi/lib/thumb\libg.a(libc_a-setvbuf.o)
 .comment       0x00000023       0x24 C:/devkitPro/devkitARM/bin/../lib/gcc/arm-none-eabi/14.2.0/../../../../arm-none-eabi/lib/thumb\libg.a(libc_a-malloc.o)
 .comment       0x00000023       0x24 C:/devkitPro/devkitARM/bin/../lib/gcc/arm-none-eabi/14.2.0/../../../../arm-none-eabi/lib/thumb\libg.a(libc_a-memcpy-stub.o)
 .comment       0x00000023       0x24 C:/devkitPro/devkitARM/bin/../lib/gcc/arm-none-eabi/14.2.0/../../../../arm-none-eabi/lib/thumb\libg.a(libc_a-memset.o)
 .comment       0x00000023       0x24 C:/devkitPro/devkitARM/bin/../lib/gcc/arm-none-eabi/14.2.0/../../../../arm-none-eabi/lib/thumb\libg.a(libc_a-mlock.o)
 .comment       0x00000023       0x24 C:/devkitPro/devkitARM/bin/../lib/gcc/arm-none-eabi/14.2.0/../../../../arm-none-eabi/lib/thumb\libg.a(libc_a-exit.o)
 .comment       0x00000023       0x24 C:/devkitPro/devkitARM/bin/../lib/gcc/arm-none-eabi/14.2.0/../../../../arm-none-eabi/lib/thumb\libg.a(libc_a-iprintf.o)
 .comment       0x00000023       0x24 C:/devkitPro/devkitARM/bin/../lib/gcc/arm-none-eabi/14.2.0/../../../../arm-none-eabi/lib/thumb\libg.a(libc_a-init.o)
 .comment       0x00000023       0x24 C:/devkitPro/devkitARM/bin/../lib/gcc/arm-none-eabi/14.2.0/../../../../arm-none-eabi/lib/thumb\libg.a(libc_a-fflush.o)
 .comment       0x00000023       0x24 C:/devkitPro/devkitARM/bin/../lib/gcc/arm-none-eabi/14.2.0/../../../../arm-none-eabi/lib/thumb\libg.a(libc_a-strlen-stub.o)
 .comment       0x00000023       0x24 C:/devkitPro/devkitARM/bin/../lib/gcc/arm-none-eabi/14.2.0/../../../../arm-none-eabi/lib/thumb\libg.a(libc_a-impure.o)
 .comment       0x00000023       0x24 C:/devkitPro/devkitARM/bin/../lib/gcc/arm-none-eabi/14.2.0/../../../../arm-none-eabi/lib/thumb\libg.a(libc_a-vfiprintf.o)
 .comment       0x00000023       0x24 C:/devkitPro/devkitARM/bin/../lib/gcc/arm-none-eabi/14.2.0/../../../../arm-none-eabi/lib/thumb\libg.a(libc_a-malignr.o)
 .comment       0x00000023       0x24 C:/devkitPro/devkitARM/bin/../lib/gcc/arm-none-eabi/14.2.0/../../../../arm-none-eabi/lib/thumb\libg.a(libc_a-memchr-stub.o)
 .comment       0x00000023       0x24 C:/devkitPro/devkitARM/bin/../lib/gcc/arm-none-eabi/14.2.0/../../../../arm-none-eabi/lib/thumb\libg.a(libc_a-svfiscanf.o)
 .comment       0x00000023       0x24 C:/devkitPro/devkitARM/bin/../lib/gcc/arm-none-eabi/14.2.0/../../../../arm-none-eabi/lib/thumb\libg.a(libc_a-strtoul.o)
 .comment       0x00000023       0x24 C:/devkitPro/devkitARM/bin/../lib/gcc/arm-none-eabi/14.2.0/../../../../arm-none-eabi/lib/thumb\libg.a(libc_a-fini.o)
 .comment       0x00000023       0x24 C:/devkitPro/devkitARM/bin/../lib/gcc/arm-none-eabi/14.2.0/../../../../arm-none-eabi/lib/thumb\libg.a(libc_a-sprint_r.o)
 .comment       0x00000023       0x24 C:/devkitPro/devkitARM/bin/../lib/gcc/arm-none-eabi/14.2.0/../../../../arm-none-eabi/lib/thumb\libg.a(libc_a-iswspace.o)
 .comment       0x00000023       0x24 C:/devkitPro/devkitARM/bin/../lib/gcc/arm-none-eabi/14.2.0/../../../../arm-none-eabi/lib/thumb\libg.a(libc_a-sccl.o)
 .comment       0x00000023       0x24 C:/devkitPro/devkitARM/bin/../lib/gcc/arm-none-eabi/14.2.0/../../../../arm-none-eabi/lib/thumb\libg.a(libc_a-localeconv.o)
 .comment       0x00000023       0x24 C:/devkitPro/devkitARM/bin/../lib/gcc/arm-none-eabi/14.2.0/../../../../arm-none-eabi/lib/thumb\libg.a(libc_a-makebuf.o)
 .comment       0x00000023       0x24 C:/devkitPro/devkitARM/bin/../lib/gcc/arm-none-eabi/14.2.0/../../../../arm-none-eabi/lib/thumb\libg.a(libc_a-realloc.o)
 .comment       0x00000023       0x24 C:/devkitPro/devkitARM/bin/../lib/gcc/arm-none-eabi/14.2.0/../../../../arm-none-eabi/lib/thumb\libg.a(libc_a-findfp.o)
 .comment       0x00000023       0x24 C:/devkitPro/devkitARM/bin/../lib/gcc/arm-none-eabi/14.2.0/../../../../arm-none-eabi/lib/thumb\libg.a(libc_a-wcrtomb.o)
 .comment       0x00000023       0x24 C:/devkitPro/devkitARM/bin/../lib/gcc/arm-none-eabi/14.2.0/../../../../arm-none-eabi/lib/thumb\libg.a(libc_a-strtol.o)
 .comment       0x00000023       0x24 C:/devkitPro/devkitARM/bin/../lib/gcc/arm-none-eabi/14.2.0/../../../../arm-none-eabi/lib/thumb\libg.a(libc_a-ctype_.o)
 .comment       0x00000023       0x24 C:/devkitPro/devkitARM/bin/../lib/gcc/arm-none-eabi/14.2.0/../../../../arm-none-eabi/lib/thumb\libg.a(libc_a-reallocr.o)
 .comment       0x00000023       0x24 C:/devkitPro/devkitARM/bin/../lib/gcc/arm-none-eabi/14.2.0/../../../../arm-none-eabi/lib/thumb\libg.a(libc_a-fwalk.o)
 .comment       0x00000023       0x24 C:/devkitPro/devkitARM/bin/../lib/gcc/arm-none-eabi/14.2.0/../../../../arm-none-eabi/lib/thumb\libg.a(libc_a-strncpy.o)
 .comment       0x00000023       0x24 C:/devkitPro/devkitARM/bin/../lib/gcc/arm-none-eabi/14.2.0/../../../../arm-none-eabi/lib/thumb\libg.a(libc_a-strtoull.o)
 .comment       0x00000023       0x24 C:/devkitPro/devkitARM/bin/../lib/gcc/arm-none-eabi/14.2.0/../../../../arm-none-eabi/lib/thumb\libg.a(libc_a-wcsrtombs.o)
 .comment       0x00000023       0x24 C:/devkitPro/devkitARM/bin/../lib/gcc/arm-none-eabi/14.2.0/../../../../arm-none-eabi/lib/thumb\libg.a(libc_a-svfiprintf.o)
 .comment       0x00000023       0x24 C:/devkitPro/devkitARM/bin/../lib/gcc/arm-none-eabi/14.2.0/../../../../arm-none-eabi/lib/thumb\libg.a(libc_a-mbrtowc.o)
 .comment       0x00000023       0x24 C:/devkitPro/devkitARM/bin/../lib/gcc/arm-none-eabi/14.2.0/../../../../arm-none-eabi/lib/thumb\libg.a(libc_a-wsetup.o)
 .comment       0x00000023       0x24 C:/devkitPro/devkitARM/bin/../lib/gcc/arm-none-eabi/14.2.0/../../../../arm-none-eabi/lib/thumb\libg.a(libc_a-ungetc.o)
 .comment       0x00000023       0x24 C:/devkitPro/devkitARM/bin/../lib/gcc/arm-none-eabi/14.2.0/../../../../arm-none-eabi/lib/thumb\libg.a(libc_a-memmove.o)
 .comment       0x00000023       0x24 C:/devkitPro/devkitARM/bin/../lib/gcc/arm-none-eabi/14.2.0/../../../../arm-none-eabi/lib/thumb\libg.a(libc_a-iswspace_l.o)
 .comment       0x00000023       0x24 C:/devkitPro/devkitARM/bin/../lib/gcc/arm-none-eabi/14.2.0/../../../../arm-none-eabi/lib/thumb\libg.a(libc_a-fvwrite.o)
 .comment       0x00000023       0x24 C:/devkitPro/devkitARM/bin/../lib/gcc/arm-none-eabi/14.2.0/../../../../arm-none-eabi/lib/thumb\libg.a(libc_a-strtoll.o)
 .comment       0x00000023       0x24 C:/devkitPro/devkitARM/bin/../lib/gcc/arm-none-eabi/14.2.0/../../../../arm-none-eabi/lib/thumb\libg.a(libc_a-locale.o)
 .comment       0x00000023       0x24 C:/devkitPro/devkitARM/bin/../lib/gcc/arm-none-eabi/14.2.0/../../../../arm-none-eabi/lib/thumb\libg.a(libc_a-wcsnrtombs.o)
 .comment       0x00000023       0x24 C:/devkitPro/devkitARM/bin/../lib/gcc/arm-none-eabi/14.2.0/../../../../arm-none-eabi/lib/thumb\libg.a(libc_a-mbtowc_r.o)
 .comment       0x00000023       0x24 C:/devkitPro/devkitARM/bin/../lib/gcc/arm-none-eabi/14.2.0/../../../../arm-none-eabi/lib/thumb\libg.a(libc_a-fclose.o)
 .comment       0x00000023       0x24 C:/devkitPro/devkitARM/bin/../lib/gcc/arm-none-eabi/14.2.0/../../../../arm-none-eabi/lib/thumb\libg.a(libc_a-categories.o)
 .comment       0x00000023       0x24 C:/devkitPro/devkitARM/bin/../lib/gcc/arm-none-eabi/14.2.0/../../../../arm-none-eabi/lib/thumb\libg.a(libc_a-wctomb_r.o)
 .comment       0x00000023       0x24 C:/devkitPro/devkitARM/bin/../lib/gcc/arm-none-eabi/14.2.0/../../../../arm-none-eabi/lib/thumb\libsysbase.a(libsysbase_libsysbase_a-_exit.o)
 .comment       0x00000023       0x24 C:/devkitPro/devkitARM/bin/../lib/gcc/arm-none-eabi/14.2.0/../../../../arm-none-eabi/lib/thumb\libsysbase.a(libsysbase_libsysbase_a-fstat.o)
 .comment       0x00000023       0x24 C:/devkitPro/devkitARM/bin/../lib/gcc/arm-none-eabi/14.2.0/../../../../arm-none-eabi/lib/thumb\libsysbase.a(libsysbase_libsysbase_a-getreent.o)
 .comment       0x00000023       0x24 C:/devkitPro/devkitARM/bin/../lib/gcc/arm-none-eabi/14.2.0/../../../../arm-none-eabi/lib/thumb\libsysbase.a(libsysbase_libsysbase_a-handle_manager.o)
 .comment       0x00000023       0x24 C:/devkitPro/devkitARM/bin/../lib/gcc/arm-none-eabi/14.2.0/../../../../arm-none-eabi/lib/thumb\libsysbase.a(libsysbase_libsysbase_a-iosupport.o)
 .comment       0x00000023       0x24 C:/devkitPro/devkitARM/bin/../lib/gcc/arm-none-eabi/14.2.0/../../../../arm-none-eabi/lib/thumb\libsysbase.a(libsysbase_libsysbase_a-isatty.o)
 .comment       0x00000023       0x24 C:/devkitPro/devkitARM/bin/../lib/gcc/arm-none-eabi/14.2.0/../../../../arm-none-eabi/lib/thumb\libsysbase.a(libsysbase_libsysbase_a-lseek.o)
 .comment       0x00000023       0x24 C:/devkitPro/devkitARM/bin/../lib/gcc/arm-none-eabi/14.2.0/../../../../arm-none-eabi/lib/thumb\libsysbase.a(libsysbase_libsysbase_a-malloc_vars.o)
 .comment       0x00000023       0x24 C:/devkitPro/devkitARM/bin/../lib/gcc/arm-none-eabi/14.2.0/../../../../arm-none-eabi/lib/thumb\libsysbase.a(libsysbase_libsysbase_a-read.o)
 .comment       0x00000023       0x24 C:/devkitPro/devkitARM/bin/../lib/gcc/arm-none-eabi/14.2.0/../../../../arm-none-eabi/lib/thumb\libsysbase.a(libsysbase_libsysbase_a-sbrk.o)
 .comment       0x00000023       0x24 C:/devkitPro/devkitARM/bin/../lib/gcc/arm-none-eabi/14.2.0/../../../../arm-none-eabi/lib/thumb\libsysbase.a(libsysbase_libsysbase_a-syscall_support.o)
 .comment       0x00000023       0x24 C:/devkitPro/devkitARM/bin/../lib/gcc/arm-none-eabi/14.2.0/../../../../arm-none-eabi/lib/thumb\libsysbase.a(libsysbase_libsysbase_a-write.o)
 .comment       0x00000023       0x24 C:/devkitPro/devkitARM/bin/../lib/gcc/arm-none-eabi/14.2.0/thumb\libgcc.a(_muldi3.o)
 .comment       0x00000023       0x24 C:/devkitPro/devkitARM/bin/../lib/gcc/arm-none-eabi/14.2.0/thumb/crtend.o

.gnu.build.attributes
 *(.gnu.build.attributes .gnu.build.attributes.*)

.debug
 *(.debug)

.line
 *(.line)

.debug_srcinfo
 *(.debug_srcinfo)

.debug_sfnames
 *(.debug_sfnames)

.debug_aranges  0x00000000      0x7a0
 *(.debug_aranges)
 .debug_aranges
                0x00000000       0x30 main.o
 .debug_aranges
                0x00000030       0x80 C:/devkitPro/libnds/lib\libnds9.a(console.o)
 .debug_aranges
                0x000000b0       0x50 C:/devkitPro/libnds/lib\libnds9.a(keys.o)
 .debug_aranges
                0x00000100       0x48 C:/devkitPro/libnds/lib\libnds9.a(timers.o)
 .debug_aranges
                0x00000148       0x40 C:/devkitPro/libnds/lib\libnds9.a(background.o)
 .debug_aranges
                0x00000188       0x60 C:/devkitPro/libnds/lib\libnds9.a(trig.o)
 .debug_aranges
                0x000001e8       0x20 C:/devkitPro/calico/lib\libcalico_ds9.a(irq.o)
 .debug_aranges
                0x00000208       0x50 C:/devkitPro/calico/lib\libcalico_ds9.a(tick.o)
 .debug_aranges
                0x00000258       0x88 C:/devkitPro/calico/lib\libcalico_ds9.a(thread_cold.o)
 .debug_aranges
                0x000002e0       0x50 C:/devkitPro/calico/lib\libcalico_ds9.a(thread_hot.32.o)
 .debug_aranges
                0x00000330       0x28 C:/devkitPro/calico/lib\libcalico_ds9.a(arm-context.32.o)
 .debug_aranges
                0x00000358       0x70 C:/devkitPro/calico/lib\libcalico_ds9.a(arm-shims.32.o)
 .debug_aranges
                0x000003c8       0x20 C:/devkitPro/calico/lib\libcalico_ds9.a(keypad.o)
 .debug_aranges
                0x000003e8       0xa0 C:/devkitPro/calico/lib\libcalico_ds9.a(pm.o)
 .debug_aranges
                0x00000488       0x38 C:/devkitPro/calico/lib\libcalico_ds9.a(bootstub_arm9.o)
 .debug_aranges
                0x000004c0       0x20 C:/devkitPro/calico/lib\libcalico_ds9.a(excpt_handler.32.o)
 .debug_aranges
                0x000004e0       0x20 C:/devkitPro/calico/lib\libcalico_ds9.a(touch.o)
 .debug_aranges
                0x00000500       0x30 C:/devkitPro/calico/lib\libcalico_ds9.a(mailbox.o)
 .debug_aranges
                0x00000530       0xa8 C:/devkitPro/calico/lib\libcalico_ds9.a(newlib_syscalls.o)
 .debug_aranges
                0x000005d8       0x48 C:/devkitPro/calico/lib\libcalico_ds9.a(arm-cache.32.o)
 .debug_aranges
                0x00000620       0x28 C:/devkitPro/calico/lib\libcalico_ds9.a(startup.crt0.o)
 .debug_aranges
                0x00000648       0x28 C:/devkitPro/calico/lib\libcalico_ds9.a(utils.crt0.o)
 .debug_aranges
                0x00000670       0x20 C:/devkitPro/calico/lib\libcalico_ds9.a(irq_handler.32.o)
 .debug_aranges
                0x00000690       0x78 C:/devkitPro/calico/lib\libcalico_ds9.a(pxi.o)
 .debug_aranges
                0x00000708       0x20 C:/devkitPro/calico/lib\libcalico_ds9.a(mpu_setup.crt0.o)
 .debug_aranges
                0x00000728       0x28 C:/devkitPro/calico/lib\libcalico_ds9.a(sys_startup.o)
 .debug_aranges
                0x00000750       0x50 C:/devkitPro/calico/lib\libcalico_ds9.a(mutex.o)

.debug_pubnames
 *(.debug_pubnames)

.debug_info     0x00000000    0x10b00
 *(.debug_info .gnu.linkonce.wi.*)
 .debug_info    0x00000000     0x116b main.o
 .debug_info    0x0000116b     0x2aa7 C:/devkitPro/libnds/lib\libnds9.a(console.o)
 .debug_info    0x00003c12      0x48a C:/devkitPro/libnds/lib\libnds9.a(keys.o)
 .debug_info    0x0000409c      0x536 C:/devkitPro/libnds/lib\libnds9.a(timers.o)
 .debug_info    0x000045d2      0xa3e C:/devkitPro/libnds/lib\libnds9.a(background.o)
 .debug_info    0x00005010      0x78f C:/devkitPro/libnds/lib\libnds9.a(trig.o)
 .debug_info    0x0000579f      0x295 C:/devkitPro/calico/lib\libcalico_ds9.a(irq.o)
 .debug_info    0x00005a34      0xcb0 C:/devkitPro/calico/lib\libcalico_ds9.a(tick.o)
 .debug_info    0x000066e4     0x1f3f C:/devkitPro/calico/lib\libcalico_ds9.a(thread_cold.o)
 .debug_info    0x00008623     0x133c C:/devkitPro/calico/lib\libcalico_ds9.a(thread_hot.32.o)
 .debug_info    0x0000995f       0x3b C:/devkitPro/calico/lib\libcalico_ds9.a(arm-context.32.o)
 .debug_info    0x0000999a      0x396 C:/devkitPro/calico/lib\libcalico_ds9.a(arm-shims.32.o)
 .debug_info    0x00009d30      0x1c1 C:/devkitPro/calico/lib\libcalico_ds9.a(keypad.o)
 .debug_info    0x00009ef1     0x1b5c C:/devkitPro/calico/lib\libcalico_ds9.a(pm.o)
 .debug_info    0x0000ba4d       0x3e C:/devkitPro/calico/lib\libcalico_ds9.a(bootstub_arm9.o)
 .debug_info    0x0000ba8b       0x5d C:/devkitPro/calico/lib\libcalico_ds9.a(excpt_handler.32.o)
 .debug_info    0x0000bae8      0x26a C:/devkitPro/calico/lib\libcalico_ds9.a(touch.o)
 .debug_info    0x0000bd52      0x865 C:/devkitPro/calico/lib\libcalico_ds9.a(mailbox.o)
 .debug_info    0x0000c5b7     0x15e3 C:/devkitPro/calico/lib\libcalico_ds9.a(newlib_syscalls.o)
 .debug_info    0x0000db9a       0x67 C:/devkitPro/calico/lib\libcalico_ds9.a(arm-cache.32.o)
 .debug_info    0x0000dc01      0x462 C:/devkitPro/calico/lib\libcalico_ds9.a(startup.crt0.o)
 .debug_info    0x0000e063       0x3b C:/devkitPro/calico/lib\libcalico_ds9.a(utils.crt0.o)
 .debug_info    0x0000e09e       0x33 C:/devkitPro/calico/lib\libcalico_ds9.a(irq_handler.32.o)
 .debug_info    0x0000e0d1     0x140d C:/devkitPro/calico/lib\libcalico_ds9.a(pxi.o)
 .debug_info    0x0000f4de       0x33 C:/devkitPro/calico/lib\libcalico_ds9.a(mpu_setup.crt0.o)
 .debug_info    0x0000f511      0x4fd C:/devkitPro/calico/lib\libcalico_ds9.a(sys_startup.o)
 .debug_info    0x0000fa0e     0x10f2 C:/devkitPro/calico/lib\libcalico_ds9.a(mutex.o)

.debug_abbrev   0x00000000     0x4039
 *(.debug_abbrev)
 .debug_abbrev  0x00000000      0x37d main.o
 .debug_abbrev  0x0000037d      0x637 C:/devkitPro/libnds/lib\libnds9.a(console.o)
 .debug_abbrev  0x000009b4      0x274 C:/devkitPro/libnds/lib\libnds9.a(keys.o)
 .debug_abbrev  0x00000c28      0x26e C:/devkitPro/libnds/lib\libnds9.a(timers.o)
 .debug_abbrev  0x00000e96      0x354 C:/devkitPro/libnds/lib\libnds9.a(background.o)
 .debug_abbrev  0x000011ea      0x26d C:/devkitPro/libnds/lib\libnds9.a(trig.o)
 .debug_abbrev  0x00001457      0x1c2 C:/devkitPro/calico/lib\libcalico_ds9.a(irq.o)
 .debug_abbrev  0x00001619      0x32a C:/devkitPro/calico/lib\libcalico_ds9.a(tick.o)
 .debug_abbrev  0x00001943      0x578 C:/devkitPro/calico/lib\libcalico_ds9.a(thread_cold.o)
 .debug_abbrev  0x00001ebb      0x36e C:/devkitPro/calico/lib\libcalico_ds9.a(thread_hot.32.o)
 .debug_abbrev  0x00002229       0x26 C:/devkitPro/calico/lib\libcalico_ds9.a(arm-context.32.o)
 .debug_abbrev  0x0000224f      0x1b9 C:/devkitPro/calico/lib\libcalico_ds9.a(arm-shims.32.o)
 .debug_abbrev  0x00002408       0xca C:/devkitPro/calico/lib\libcalico_ds9.a(keypad.o)
 .debug_abbrev  0x000024d2      0x686 C:/devkitPro/calico/lib\libcalico_ds9.a(pm.o)
 .debug_abbrev  0x00002b58       0x26 C:/devkitPro/calico/lib\libcalico_ds9.a(bootstub_arm9.o)
 .debug_abbrev  0x00002b7e       0x26 C:/devkitPro/calico/lib\libcalico_ds9.a(excpt_handler.32.o)
 .debug_abbrev  0x00002ba4      0x114 C:/devkitPro/calico/lib\libcalico_ds9.a(touch.o)
 .debug_abbrev  0x00002cb8      0x2a9 C:/devkitPro/calico/lib\libcalico_ds9.a(mailbox.o)
 .debug_abbrev  0x00002f61      0x491 C:/devkitPro/calico/lib\libcalico_ds9.a(newlib_syscalls.o)
 .debug_abbrev  0x000033f2       0x26 C:/devkitPro/calico/lib\libcalico_ds9.a(arm-cache.32.o)
 .debug_abbrev  0x00003418      0x1d0 C:/devkitPro/calico/lib\libcalico_ds9.a(startup.crt0.o)
 .debug_abbrev  0x000035e8       0x26 C:/devkitPro/calico/lib\libcalico_ds9.a(utils.crt0.o)
 .debug_abbrev  0x0000360e       0x28 C:/devkitPro/calico/lib\libcalico_ds9.a(irq_handler.32.o)
 .debug_abbrev  0x00003636      0x43a C:/devkitPro/calico/lib\libcalico_ds9.a(pxi.o)
 .debug_abbrev  0x00003a70       0x28 C:/devkitPro/calico/lib\libcalico_ds9.a(mpu_setup.crt0.o)
 .debug_abbrev  0x00003a98      0x1e8 C:/devkitPro/calico/lib\libcalico_ds9.a(sys_startup.o)
 .debug_abbrev  0x00003c80      0x3b9 C:/devkitPro/calico/lib\libcalico_ds9.a(mutex.o)

.debug_line     0x00000000     0xa0c0
 *(.debug_line .debug_line.* .debug_line_end)
 .debug_line    0x00000000      0x5ec main.o
 .debug_line    0x000005ec     0x167e C:/devkitPro/libnds/lib\libnds9.a(console.o)
 .debug_line    0x00001c6a      0x459 C:/devkitPro/libnds/lib\libnds9.a(keys.o)
 .debug_line    0x000020c3      0x52a C:/devkitPro/libnds/lib\libnds9.a(timers.o)
 .debug_line    0x000025ed      0x63d C:/devkitPro/libnds/lib\libnds9.a(background.o)
 .debug_line    0x00002c2a      0x788 C:/devkitPro/libnds/lib\libnds9.a(trig.o)
 .debug_line    0x000033b2      0x26e C:/devkitPro/calico/lib\libcalico_ds9.a(irq.o)
 .debug_line    0x00003620      0xa32 C:/devkitPro/calico/lib\libcalico_ds9.a(tick.o)
 .debug_line    0x00004052      0xe43 C:/devkitPro/calico/lib\libcalico_ds9.a(thread_cold.o)
 .debug_line    0x00004e95     0x106c C:/devkitPro/calico/lib\libcalico_ds9.a(thread_hot.32.o)
 .debug_line    0x00005f01       0x69 C:/devkitPro/calico/lib\libcalico_ds9.a(arm-context.32.o)
 .debug_line    0x00005f6a      0x2a4 C:/devkitPro/calico/lib\libcalico_ds9.a(arm-shims.32.o)
 .debug_line    0x0000620e      0x16f C:/devkitPro/calico/lib\libcalico_ds9.a(keypad.o)
 .debug_line    0x0000637d      0xdbb C:/devkitPro/calico/lib\libcalico_ds9.a(pm.o)
 .debug_line    0x00007138       0xf4 C:/devkitPro/calico/lib\libcalico_ds9.a(bootstub_arm9.o)
 .debug_line    0x0000722c       0x66 C:/devkitPro/calico/lib\libcalico_ds9.a(excpt_handler.32.o)
 .debug_line    0x00007292      0x194 C:/devkitPro/calico/lib\libcalico_ds9.a(touch.o)
 .debug_line    0x00007426      0x4ce C:/devkitPro/calico/lib\libcalico_ds9.a(mailbox.o)
 .debug_line    0x000078f4      0x795 C:/devkitPro/calico/lib\libcalico_ds9.a(newlib_syscalls.o)
 .debug_line    0x00008089       0xb2 C:/devkitPro/calico/lib\libcalico_ds9.a(arm-cache.32.o)
 .debug_line    0x0000813b      0x396 C:/devkitPro/calico/lib\libcalico_ds9.a(startup.crt0.o)
 .debug_line    0x000084d1       0x7d C:/devkitPro/calico/lib\libcalico_ds9.a(utils.crt0.o)
 .debug_line    0x0000854e       0x92 C:/devkitPro/calico/lib\libcalico_ds9.a(irq_handler.32.o)
 .debug_line    0x000085e0      0x97b C:/devkitPro/calico/lib\libcalico_ds9.a(pxi.o)
 .debug_line    0x00008f5b       0x6e C:/devkitPro/calico/lib\libcalico_ds9.a(mpu_setup.crt0.o)
 .debug_line    0x00008fc9      0x46b C:/devkitPro/calico/lib\libcalico_ds9.a(sys_startup.o)
 .debug_line    0x00009434      0xc8c C:/devkitPro/calico/lib\libcalico_ds9.a(mutex.o)

.debug_frame    0x00000000     0x10f8
 *(.debug_frame)
 .debug_frame   0x00000000       0x5c main.o
 .debug_frame   0x0000005c      0x18c C:/devkitPro/libnds/lib\libnds9.a(console.o)
 .debug_frame   0x000001e8       0x98 C:/devkitPro/libnds/lib\libnds9.a(keys.o)
 .debug_frame   0x00000280       0xa8 C:/devkitPro/libnds/lib\libnds9.a(timers.o)
 .debug_frame   0x00000328       0xbc C:/devkitPro/libnds/lib\libnds9.a(background.o)
 .debug_frame   0x000003e4       0xd8 C:/devkitPro/libnds/lib\libnds9.a(trig.o)
 .debug_frame   0x000004bc       0x28 C:/devkitPro/calico/lib\libcalico_ds9.a(irq.o)
 .debug_frame   0x000004e4       0xdc C:/devkitPro/calico/lib\libcalico_ds9.a(tick.o)
 .debug_frame   0x000005c0      0x184 C:/devkitPro/calico/lib\libcalico_ds9.a(thread_cold.o)
 .debug_frame   0x00000744      0x10c C:/devkitPro/calico/lib\libcalico_ds9.a(thread_hot.32.o)
 .debug_frame   0x00000850       0x30 C:/devkitPro/calico/lib\libcalico_ds9.a(arm-context.32.o)
 .debug_frame   0x00000880       0xc0 C:/devkitPro/calico/lib\libcalico_ds9.a(arm-shims.32.o)
 .debug_frame   0x00000940       0x20 C:/devkitPro/calico/lib\libcalico_ds9.a(keypad.o)
 .debug_frame   0x00000960      0x190 C:/devkitPro/calico/lib\libcalico_ds9.a(pm.o)
 .debug_frame   0x00000af0       0x30 C:/devkitPro/calico/lib\libcalico_ds9.a(bootstub_arm9.o)
 .debug_frame   0x00000b20       0x28 C:/devkitPro/calico/lib\libcalico_ds9.a(touch.o)
 .debug_frame   0x00000b48       0x60 C:/devkitPro/calico/lib\libcalico_ds9.a(mailbox.o)
 .debug_frame   0x00000ba8      0x194 C:/devkitPro/calico/lib\libcalico_ds9.a(newlib_syscalls.o)
 .debug_frame   0x00000d3c       0x70 C:/devkitPro/calico/lib\libcalico_ds9.a(arm-cache.32.o)
 .debug_frame   0x00000dac       0x68 C:/devkitPro/calico/lib\libcalico_ds9.a(startup.crt0.o)
 .debug_frame   0x00000e14       0x30 C:/devkitPro/calico/lib\libcalico_ds9.a(utils.crt0.o)
 .debug_frame   0x00000e44       0x20 C:/devkitPro/calico/lib\libcalico_ds9.a(irq_handler.32.o)
 .debug_frame   0x00000e64      0x158 C:/devkitPro/calico/lib\libcalico_ds9.a(pxi.o)
 .debug_frame   0x00000fbc       0x20 C:/devkitPro/calico/lib\libcalico_ds9.a(mpu_setup.crt0.o)
 .debug_frame   0x00000fdc       0x38 C:/devkitPro/calico/lib\libcalico_ds9.a(sys_startup.o)
 .debug_frame   0x00001014       0xe4 C:/devkitPro/calico/lib\libcalico_ds9.a(mutex.o)

.debug_str      0x00000000     0x3ba7
 *(.debug_str)
 .debug_str     0x00000000     0x3ba7 main.o
                                0xd2f (size before relaxing)
 .debug_str     0x00003ba7     0x12f6 C:/devkitPro/libnds/lib\libnds9.a(console.o)
 .debug_str     0x00003ba7      0x2eb C:/devkitPro/libnds/lib\libnds9.a(keys.o)
 .debug_str     0x00003ba7      0x364 C:/devkitPro/libnds/lib\libnds9.a(timers.o)
 .debug_str     0x00003ba7      0x76c C:/devkitPro/libnds/lib\libnds9.a(background.o)
 .debug_str     0x00003ba7      0x2d5 C:/devkitPro/libnds/lib\libnds9.a(trig.o)
 .debug_str     0x00003ba7      0x20a C:/devkitPro/calico/lib\libcalico_ds9.a(irq.o)
 .debug_str     0x00003ba7      0x375 C:/devkitPro/calico/lib\libcalico_ds9.a(tick.o)
 .debug_str     0x00003ba7      0x9c2 C:/devkitPro/calico/lib\libcalico_ds9.a(thread_cold.o)
 .debug_str     0x00003ba7      0x4c8 C:/devkitPro/calico/lib\libcalico_ds9.a(thread_hot.32.o)
 .debug_str     0x00003ba7       0xae C:/devkitPro/calico/lib\libcalico_ds9.a(arm-context.32.o)
 .debug_str     0x00003ba7      0x245 C:/devkitPro/calico/lib\libcalico_ds9.a(arm-shims.32.o)
 .debug_str     0x00003ba7      0x25f C:/devkitPro/calico/lib\libcalico_ds9.a(keypad.o)
 .debug_str     0x00003ba7      0xd3c C:/devkitPro/calico/lib\libcalico_ds9.a(pm.o)
 .debug_str     0x00003ba7       0xbd C:/devkitPro/calico/lib\libcalico_ds9.a(bootstub_arm9.o)
 .debug_str     0x00003ba7       0xe7 C:/devkitPro/calico/lib\libcalico_ds9.a(excpt_handler.32.o)
 .debug_str     0x00003ba7      0x282 C:/devkitPro/calico/lib\libcalico_ds9.a(touch.o)
 .debug_str     0x00003ba7      0x37b C:/devkitPro/calico/lib\libcalico_ds9.a(mailbox.o)
 .debug_str     0x00003ba7      0xb46 C:/devkitPro/calico/lib\libcalico_ds9.a(newlib_syscalls.o)
 .debug_str     0x00003ba7      0x102 C:/devkitPro/calico/lib\libcalico_ds9.a(arm-cache.32.o)
 .debug_str     0x00003ba7      0x32e C:/devkitPro/calico/lib\libcalico_ds9.a(startup.crt0.o)
 .debug_str     0x00003ba7       0xb5 C:/devkitPro/calico/lib\libcalico_ds9.a(utils.crt0.o)
 .debug_str     0x00003ba7       0xa0 C:/devkitPro/calico/lib\libcalico_ds9.a(irq_handler.32.o)
 .debug_str     0x00003ba7      0x960 C:/devkitPro/calico/lib\libcalico_ds9.a(pxi.o)
 .debug_str     0x00003ba7       0xa2 C:/devkitPro/calico/lib\libcalico_ds9.a(mpu_setup.crt0.o)
 .debug_str     0x00003ba7      0x37a C:/devkitPro/calico/lib\libcalico_ds9.a(sys_startup.o)
 .debug_str     0x00003ba7      0x509 C:/devkitPro/calico/lib\libcalico_ds9.a(mutex.o)

.debug_loc
 *(.debug_loc)

.debug_macinfo
 *(.debug_macinfo)

.debug_weaknames
 *(.debug_weaknames)

.debug_funcnames
 *(.debug_funcnames)

.debug_typenames
 *(.debug_typenames)

.debug_varnames
 *(.debug_varnames)

.debug_pubtypes
 *(.debug_pubtypes)

.debug_ranges
 *(.debug_ranges)

.debug_macro
 *(.debug_macro)

.debug_addr
 *(.debug_addr)

.ARM.attributes
                0x00000000       0x27
 *(.ARM.attributes)
 .ARM.attributes
                0x00000000       0x1c C:/devkitPro/devkitARM/bin/../lib/gcc/arm-none-eabi/14.2.0/thumb/crti.o
 .ARM.attributes
                0x0000001c       0x2a C:/devkitPro/devkitARM/bin/../lib/gcc/arm-none-eabi/14.2.0/thumb/crtbegin.o
 .ARM.attributes
                0x00000046       0x2b main.o
 .ARM.attributes
                0x00000071       0x2b C:/devkitPro/libnds/lib\libnds9.a(console.o)
 .ARM.attributes
                0x0000009c       0x2b C:/devkitPro/libnds/lib\libnds9.a(keys.o)
 .ARM.attributes
                0x000000c7       0x2b C:/devkitPro/libnds/lib\libnds9.a(timers.o)
 .ARM.attributes